GAMS 30.3.0  rc5da09e Released Mar  6, 2020 WEX-WEI x86 64bit/MS Windows - 04/25/20 01:11:28 Page 1
G e n e r a l   A l g e b r a i c   M o d e l i n g   S y s t e m
C o m p i l a t i o n


   1  * AssignmentB.gms
   2   
   3   
   4  SETS
   5   
   6  p   'products'     /P1*P4/
   7  l   'lines'        /L1*L4/;
   8   
   9   
  10  TABLE
  11   
  12  c(p,l)  '$/year'
  13            L1       L2       L3       L4
  14  P1         1        4        6        3
  15  P2         9        7       10        9
  16  P3         4        5       11        7
  17  P4         8        7        8        5;
  18   
  19   
  20  VARIABLES
  21   
  22  Z       '$/year';
  23   
  24   
  25  POSITIVE VARIABLES
  26   
  27  x(p,l)  'if plant is assigned to line = 1, else = 0';
  28   
  29   
  30  EQUATIONS
  31   
  32  OBJ       '$/year',
  33  RO(p)     '-',
  34  RD(l)     '-';
  35   
  36  OBJ..     SUM((p,l),c(p,l)*x(p,l))  =E= Z;
  37  RO(p)..   SUM(l,x(p,l))             =E= 1;
  38  RD(l)..   SUM(p,x(p,l))             =E= 1;
  39   
  40   
  41  MODEL AssignmentB /all/;
  42   
  43   
  44  SOLVE AssignmentB USING LP MINIMIZING Z;


COMPILATION TIME     =        0.000 SECONDS      3 MB  30.3.0 rc5da09e WEX-WEI
GAMS 30.3.0  rc5da09e Released Mar  6, 2020 WEX-WEI x86 64bit/MS Windows - 04/25/20 01:11:28 Page 2
G e n e r a l   A l g e b r a i c   M o d e l i n g   S y s t e m
Equation Listing    SOLVE AssignmentB Using LP From line 44


---- OBJ  =E=  $/year

OBJ..  - Z + x(P1,L1) + 4*x(P1,L2) + 6*x(P1,L3) + 3*x(P1,L4) + 9*x(P2,L1) + 7*x(P2,L2) + 10*x(P2,L3) + 9*x(P2,L4) + 4*x(P3,L1) + 5*x(P3,L2) + 11*x(P3,L3) + 7*x(P3,L4) + 8*x(P4,L1) + 7*x(P4,L2) + 8*x(P4,L3) + 5*x(P4,L4) =E= 0 ; (LHS = 0)
     

---- RO  =E=  -

RO(P1)..  x(P1,L1) + x(P1,L2) + x(P1,L3) + x(P1,L4) =E= 1 ; (LHS = 0, INFES = 1 ****)
     
RO(P2)..  x(P2,L1) + x(P2,L2) + x(P2,L3) + x(P2,L4) =E= 1 ; (LHS = 0, INFES = 1 ****)
     
RO(P3)..  x(P3,L1) + x(P3,L2) + x(P3,L3) + x(P3,L4) =E= 1 ; (LHS = 0, INFES = 1 ****)
     
REMAINING ENTRY SKIPPED


---- RD  =E=  -

RD(L1)..  x(P1,L1) + x(P2,L1) + x(P3,L1) + x(P4,L1) =E= 1 ; (LHS = 0, INFES = 1 ****)
     
RD(L2)..  x(P1,L2) + x(P2,L2) + x(P3,L2) + x(P4,L2) =E= 1 ; (LHS = 0, INFES = 1 ****)
     
RD(L3)..  x(P1,L3) + x(P2,L3) + x(P3,L3) + x(P4,L3) =E= 1 ; (LHS = 0, INFES = 1 ****)
     
REMAINING ENTRY SKIPPED

GAMS 30.3.0  rc5da09e Released Mar  6, 2020 WEX-WEI x86 64bit/MS Windows - 04/25/20 01:11:28 Page 3
G e n e r a l   A l g e b r a i c   M o d e l i n g   S y s t e m
Column Listing      SOLVE AssignmentB Using LP From line 44


---- Z  $/year

Z
                (.LO, .L, .UP, .M = -INF, 0, +INF, 0)
       -1       OBJ


---- x  if plant is assigned to line = 1, else = 0

x(P1,L1)
                (.LO, .L, .UP, .M = 0, 0, +INF, 0)
        1       OBJ
        1       RO(P1)
        1       RD(L1)

x(P1,L2)
                (.LO, .L, .UP, .M = 0, 0, +INF, 0)
        4       OBJ
        1       RO(P1)
        1       RD(L2)

x(P1,L3)
                (.LO, .L, .UP, .M = 0, 0, +INF, 0)
        6       OBJ
        1       RO(P1)
        1       RD(L3)

REMAINING 13 ENTRIES SKIPPED
GAMS 30.3.0  rc5da09e Released Mar  6, 2020 WEX-WEI x86 64bit/MS Windows - 04/25/20 01:11:28 Page 4
G e n e r a l   A l g e b r a i c   M o d e l i n g   S y s t e m
Model Statistics    SOLVE AssignmentB Using LP From line 44


MODEL STATISTICS

BLOCKS OF EQUATIONS           3     SINGLE EQUATIONS            9
BLOCKS OF VARIABLES           2     SINGLE VARIABLES           17
NON ZERO ELEMENTS            49


GENERATION TIME      =        0.015 SECONDS      4 MB  30.3.0 rc5da09e WEX-WEI


EXECUTION TIME       =        0.015 SECONDS      4 MB  30.3.0 rc5da09e WEX-WEI
GAMS 30.3.0  rc5da09e Released Mar  6, 2020 WEX-WEI x86 64bit/MS Windows - 04/25/20 01:11:28 Page 5
G e n e r a l   A l g e b r a i c   M o d e l i n g   S y s t e m
Solution Report     SOLVE AssignmentB Using LP From line 44


               S O L V E      S U M M A R Y

     MODEL   AssignmentB         OBJECTIVE  Z
     TYPE    LP                  DIRECTION  MINIMIZE
     SOLVER  CPLEX               FROM LINE  44

**** SOLVER STATUS     1 Normal Completion         
**** MODEL STATUS      1 Optimal                   
**** OBJECTIVE VALUE               21.0000

 RESOURCE USAGE, LIMIT          0.000      1000.000
 ITERATION COUNT, LIMIT         2    2000000000

IBM ILOG CPLEX   30.3.0 rc5da09e Released Mar 06, 2020 WEI x86 64bit/MS Window
*** This solver runs with a demo license. No commercial use.
Cplex 12.10.0.0

Space for names approximately 0.00 Mb
Use option 'names no' to turn use of names off
LP status(1): optimal
Cplex Time: 0.00sec (det. 0.03 ticks)
Optimal solution found.
Objective :          21.000000


                           LOWER          LEVEL          UPPER         MARGINAL

---- EQU OBJ                 .              .              .            -1.0000      

  OBJ  $/year

---- EQU RO  -

          LOWER          LEVEL          UPPER         MARGINAL

P1         1.0000         1.0000         1.0000         2.0000      
P2         1.0000         1.0000         1.0000         7.0000      
P3         1.0000         1.0000         1.0000         5.0000      
P4         1.0000         1.0000         1.0000         5.0000      

---- EQU RD  -

          LOWER          LEVEL          UPPER         MARGINAL

L1         1.0000         1.0000         1.0000        -1.0000      
L2         1.0000         1.0000         1.0000          .          
L3         1.0000         1.0000         1.0000         3.0000      
L4         1.0000         1.0000         1.0000          .          

                           LOWER          LEVEL          UPPER         MARGINAL

---- VAR Z                 -INF           21.0000        +INF             .          

  Z  $/year

---- VAR x  if plant is assigned to line = 1, else = 0

             LOWER          LEVEL          UPPER         MARGINAL

P1.L1          .             1.0000        +INF             .          
P1.L2          .              .            +INF            2.0000      
P1.L3          .              .            +INF            1.0000      
P1.L4          .              .            +INF            1.0000      
P2.L1          .              .            +INF            3.0000      
P2.L2          .              .            +INF             .          
P2.L3          .             1.0000        +INF             .          
P2.L4          .              .            +INF            2.0000      
P3.L1          .              .            +INF             .          
P3.L2          .             1.0000        +INF             .          
P3.L3          .              .            +INF            3.0000      
P3.L4          .              .            +INF            2.0000      
P4.L1          .              .            +INF            4.0000      
P4.L2          .              .            +INF            2.0000      
P4.L3          .              .            +INF            EPS         
P4.L4          .             1.0000        +INF             .          


**** REPORT SUMMARY :        0     NONOPT
                             0 INFEASIBLE
                             0  UNBOUNDED


EXECUTION TIME       =        0.000 SECONDS      2 MB  30.3.0 rc5da09e WEX-WEI


USER: GAMS Demo license for ANTONIO MARIA GUADIX ESCOG200420|0002CO-GEN
      UNIVERSITY OF GRANADA, Spain                             DL007289


**** FILE SUMMARY

Input      C:\aguadix\GITHUB\SOC\1 Linear programming (LP)\3 Assignment\AssignmentB\AssignmentB.gms
Output     C:\aguadix\GITHUB\SOC\1 Linear programming (LP)\3 Assignment\AssignmentB\AssignmentB.lst
