GAMS 30.3.0  rc5da09e Released Mar  6, 2020 WEX-WEI x86 64bit/MS Windows - 04/29/20 22:36:32 Page 1
G e n e r a l   A l g e b r a i c   M o d e l i n g   S y s t e m
C o m p i l a t i o n


   1  * KnapsackA.gms
   2   
   3  FREE VARIABLE
   4  Z   '$';
   5   
   6  INTEGER VARIABLES
   7  *BINARY VARIABLES
   8  x1,x2, x3, x4, x5, x6, x7, x8, x9, x10  'units';
   9  x1.up = 4; x2.up = 5; x3.up = 4; x4.up = 2; x5.up = 3; x6.up = 2; x7.up = 2; x8.up = 2; x9.up = 1; x10.up = 5;
  10   
  11  EQUATIONS
  12  OBJ '$', RWT  'ton';
  13  OBJ..   23*x1 + 79*x2 + 35*x3 + 54*x4 + 13*x5 + 83*x6 + 86*x7 + 57*x8 + 28*x9 + 11*x10 =E= Z;
  14  RWT..   72*x1 + 99*x2 + 68*x3 + 22*x4 + 44*x5 + 72*x6 + 34*x7 + 57*x8 + 35*x9 + 51*x10 =L= 250;
  15   
  16  MODEL KnapsackA /all/;
  17   
  18  SOLVE KnapsackA USING MIP MAXIMIZING Z;


COMPILATION TIME     =        0.000 SECONDS      2 MB  30.3.0 rc5da09e WEX-WEI
GAMS 30.3.0  rc5da09e Released Mar  6, 2020 WEX-WEI x86 64bit/MS Windows - 04/29/20 22:36:32 Page 2
G e n e r a l   A l g e b r a i c   M o d e l i n g   S y s t e m
Equation Listing    SOLVE KnapsackA Using MIP From line 18


---- OBJ  =E=  $

OBJ..  - Z + 23*x1 + 79*x2 + 35*x3 + 54*x4 + 13*x5 + 83*x6 + 86*x7 + 57*x8 + 28*x9 + 11*x10 =E= 0 ; (LHS = 0)
     

---- RWT  =L=  ton

RWT..  72*x1 + 99*x2 + 68*x3 + 22*x4 + 44*x5 + 72*x6 + 34*x7 + 57*x8 + 35*x9 + 51*x10 =L= 250 ; (LHS = 0)
     
GAMS 30.3.0  rc5da09e Released Mar  6, 2020 WEX-WEI x86 64bit/MS Windows - 04/29/20 22:36:32 Page 3
G e n e r a l   A l g e b r a i c   M o d e l i n g   S y s t e m
Column Listing      SOLVE KnapsackA Using MIP From line 18


---- Z  $

Z
                (.LO, .L, .UP, .M = -INF, 0, +INF, 0)
       -1       OBJ


---- x1  

x1
                (.LO, .L, .UP, .M = 0, 0, 4, 0)
       23       OBJ
       72       RWT


---- x2  

x2
                (.LO, .L, .UP, .M = 0, 0, 5, 0)
       79       OBJ
       99       RWT


---- x3  

x3
                (.LO, .L, .UP, .M = 0, 0, 4, 0)
       35       OBJ
       68       RWT


---- x4  

x4
                (.LO, .L, .UP, .M = 0, 0, 2, 0)
       54       OBJ
       22       RWT


---- x5  

x5
                (.LO, .L, .UP, .M = 0, 0, 3, 0)
       13       OBJ
       44       RWT


---- x6  

x6
                (.LO, .L, .UP, .M = 0, 0, 2, 0)
       83       OBJ
       72       RWT


---- x7  

x7
                (.LO, .L, .UP, .M = 0, 0, 2, 0)
       86       OBJ
       34       RWT


---- x8  

x8
                (.LO, .L, .UP, .M = 0, 0, 2, 0)
       57       OBJ
       57       RWT


---- x9  

x9
                (.LO, .L, .UP, .M = 0, 0, 1, 0)
       28       OBJ
       35       RWT


---- x10  units

x10
                (.LO, .L, .UP, .M = 0, 0, 5, 0)
       11       OBJ
       51       RWT

GAMS 30.3.0  rc5da09e Released Mar  6, 2020 WEX-WEI x86 64bit/MS Windows - 04/29/20 22:36:32 Page 4
G e n e r a l   A l g e b r a i c   M o d e l i n g   S y s t e m
Model Statistics    SOLVE KnapsackA Using MIP From line 18


MODEL STATISTICS

BLOCKS OF EQUATIONS           2     SINGLE EQUATIONS            2
BLOCKS OF VARIABLES          11     SINGLE VARIABLES           11
NON ZERO ELEMENTS            21     DISCRETE VARIABLES         10


GENERATION TIME      =        0.016 SECONDS      3 MB  30.3.0 rc5da09e WEX-WEI


EXECUTION TIME       =        0.016 SECONDS      3 MB  30.3.0 rc5da09e WEX-WEI
GAMS 30.3.0  rc5da09e Released Mar  6, 2020 WEX-WEI x86 64bit/MS Windows - 04/29/20 22:36:32 Page 5
G e n e r a l   A l g e b r a i c   M o d e l i n g   S y s t e m
Solution Report     SOLVE KnapsackA Using MIP From line 18


               S O L V E      S U M M A R Y

     MODEL   KnapsackA           OBJECTIVE  Z
     TYPE    MIP                 DIRECTION  MAXIMIZE
     SOLVER  CPLEX               FROM LINE  18

**** SOLVER STATUS     1 Normal Completion         
**** MODEL STATUS      8 Integer Solution          
**** OBJECTIVE VALUE              420.0000

 RESOURCE USAGE, LIMIT          0.000      1000.000
 ITERATION COUNT, LIMIT         1    2000000000

IBM ILOG CPLEX   30.3.0 rc5da09e Released Mar 06, 2020 WEI x86 64bit/MS Window
*** This solver runs with a demo license. No commercial use.
Cplex 12.10.0.0

Space for names approximately 0.00 Mb
Use option 'names no' to turn use of names off
MIP status(102): integer optimal, tolerance
Cplex Time: 0.00sec (det. 0.04 ticks)
Fixing integer variables, and solving final LP...
Fixed MIP status(1): optimal
Cplex Time: 0.00sec (det. 0.00 ticks)
Solution satisfies tolerances.

MIP Solution:          420.000000    (1 iterations, 0 nodes)
Final Solve:           420.000000    (0 iterations)

Best possible:         439.083333
Absolute gap:           19.083333
Relative gap:            0.043462


                           LOWER          LEVEL          UPPER         MARGINAL

---- EQU OBJ                 .              .              .            -1.0000      
---- EQU RWT               -INF          241.0000       250.0000          .          

  OBJ  $
  RWT  ton

                           LOWER          LEVEL          UPPER         MARGINAL

---- VAR Z                 -INF          420.0000        +INF             .          
---- VAR x1                  .              .             4.0000        23.0000      
---- VAR x2                  .              .             5.0000        79.0000      
---- VAR x3                  .              .             4.0000        35.0000      
---- VAR x4                  .             2.0000         2.0000        54.0000      
---- VAR x5                  .              .             3.0000        13.0000      
---- VAR x6                  .             1.0000         2.0000        83.0000      
---- VAR x7                  .             2.0000         2.0000        86.0000      
---- VAR x8                  .             1.0000         2.0000        57.0000      
---- VAR x9                  .              .             1.0000        28.0000      
---- VAR x10                 .              .             5.0000        11.0000      

  Z  $
  x10  units


**** REPORT SUMMARY :        0     NONOPT
                             0 INFEASIBLE
                             0  UNBOUNDED


EXECUTION TIME       =        0.000 SECONDS      2 MB  30.3.0 rc5da09e WEX-WEI


USER: GAMS Demo license for ANTONIO MARIA GUADIX ESCOG200420|0002CO-GEN
      UNIVERSITY OF GRANADA, Spain                             DL007289


**** FILE SUMMARY

Input      C:\aguadix\GITHUB\SOC\2MixedIntegerProgramming\1Knapsack\KnapsackA\KnapsackA.gms
Output     C:\aguadix\GITHUB\SOC\2MixedIntegerProgramming\1Knapsack\KnapsackA\KnapsackA.lst
