GAMS 30.3.0  rc5da09e Released Mar  6, 2020 WEX-WEI x86 64bit/MS Windows - 04/23/20 11:48:00 Page 1
G e n e r a l   A l g e b r a i c   M o d e l i n g   S y s t e m
C o m p i l a t i o n


   1  * BinaryKnapsackA.gms
   2  * Problema de la mochila
   3   
   4   
   5  FREE VARIABLES
   6   
   7  Z;
   8   
   9   
  10  BINARY VARIABLES
  11   
  12  X1,X2, X3, X4, X5, X6, X7, X8, X9, X10;
  13   
  14   
  15  EQUATIONS
  16   
  17  OBJ 'función objetivo'
  18  R1  'restricción';
  19   
  20  OBJ..
  21  Z =E=
  22  23*X1+
  23  79*X2+
  24  35*X3+
  25  54*X4+
  26  13*X5+
  27  83*X6+
  28  86*X7+
  29  57*X8+
  30  28*X9+
  31  11*X10;
  32   
  33  R1..
  34  72*X1+
  35  99*X2+
  36  68*X3+
  37  22*X4+
  38  44*X5+
  39  72*X6+
  40  34*X7+
  41  57*X8+
  42  35*X9+
  43  51*X10 =L= 250;
  44   
  45   
  46  MODEL KnapsackA /all/;
  47   
  48   
  49  SOLVE KnapsackA using MIP maximizing Z;


COMPILATION TIME     =        0.000 SECONDS      2 MB  30.3.0 rc5da09e WEX-WEI
GAMS 30.3.0  rc5da09e Released Mar  6, 2020 WEX-WEI x86 64bit/MS Windows - 04/23/20 11:48:00 Page 2
G e n e r a l   A l g e b r a i c   M o d e l i n g   S y s t e m
Equation Listing    SOLVE KnapsackA Using MIP From line 49


---- OBJ  =E=  función objetivo

OBJ..  Z - 23*X1 - 79*X2 - 35*X3 - 54*X4 - 13*X5 - 83*X6 - 86*X7 - 57*X8 - 28*X9 - 11*X10 =E= 0 ; (LHS = 0)
     

---- R1  =L=  restricción

R1..  72*X1 + 99*X2 + 68*X3 + 22*X4 + 44*X5 + 72*X6 + 34*X7 + 57*X8 + 35*X9 + 51*X10 =L= 250 ; (LHS = 0)
     
GAMS 30.3.0  rc5da09e Released Mar  6, 2020 WEX-WEI x86 64bit/MS Windows - 04/23/20 11:48:00 Page 3
G e n e r a l   A l g e b r a i c   M o d e l i n g   S y s t e m
Column Listing      SOLVE KnapsackA Using MIP From line 49


---- Z  

Z
                (.LO, .L, .UP, .M = -INF, 0, +INF, 0)
        1       OBJ


---- X1  

X1
                (.LO, .L, .UP, .M = 0, 0, 1, 0)
      -23       OBJ
       72       R1


---- X2  

X2
                (.LO, .L, .UP, .M = 0, 0, 1, 0)
      -79       OBJ
       99       R1


---- X3  

X3
                (.LO, .L, .UP, .M = 0, 0, 1, 0)
      -35       OBJ
       68       R1


---- X4  

X4
                (.LO, .L, .UP, .M = 0, 0, 1, 0)
      -54       OBJ
       22       R1


---- X5  

X5
                (.LO, .L, .UP, .M = 0, 0, 1, 0)
      -13       OBJ
       44       R1


---- X6  

X6
                (.LO, .L, .UP, .M = 0, 0, 1, 0)
      -83       OBJ
       72       R1


---- X7  

X7
                (.LO, .L, .UP, .M = 0, 0, 1, 0)
      -86       OBJ
       34       R1


---- X8  

X8
                (.LO, .L, .UP, .M = 0, 0, 1, 0)
      -57       OBJ
       57       R1


---- X9  

X9
                (.LO, .L, .UP, .M = 0, 0, 1, 0)
      -28       OBJ
       35       R1


---- X10  

X10
                (.LO, .L, .UP, .M = 0, 0, 1, 0)
      -11       OBJ
       51       R1

GAMS 30.3.0  rc5da09e Released Mar  6, 2020 WEX-WEI x86 64bit/MS Windows - 04/23/20 11:48:00 Page 4
G e n e r a l   A l g e b r a i c   M o d e l i n g   S y s t e m
Model Statistics    SOLVE KnapsackA Using MIP From line 49


MODEL STATISTICS

BLOCKS OF EQUATIONS           2     SINGLE EQUATIONS            2
BLOCKS OF VARIABLES          11     SINGLE VARIABLES           11
NON ZERO ELEMENTS            21     DISCRETE VARIABLES         10


GENERATION TIME      =        0.000 SECONDS      3 MB  30.3.0 rc5da09e WEX-WEI


EXECUTION TIME       =        0.000 SECONDS      3 MB  30.3.0 rc5da09e WEX-WEI
GAMS 30.3.0  rc5da09e Released Mar  6, 2020 WEX-WEI x86 64bit/MS Windows - 04/23/20 11:48:00 Page 5
G e n e r a l   A l g e b r a i c   M o d e l i n g   S y s t e m
Solution Report     SOLVE KnapsackA Using MIP From line 49


               S O L V E      S U M M A R Y

     MODEL   KnapsackA           OBJECTIVE  Z
     TYPE    MIP                 DIRECTION  MAXIMIZE
     SOLVER  CPLEX               FROM LINE  49

**** SOLVER STATUS     1 Normal Completion         
**** MODEL STATUS      8 Integer Solution          
**** OBJECTIVE VALUE              308.0000

 RESOURCE USAGE, LIMIT          0.000      1000.000
 ITERATION COUNT, LIMIT         1    2000000000

IBM ILOG CPLEX   30.3.0 rc5da09e Released Mar 06, 2020 WEI x86 64bit/MS Window
*** This solver runs with a demo license. No commercial use.
Cplex 12.10.0.0

Space for names approximately 0.00 Mb
Use option 'names no' to turn use of names off
MIP status(102): integer optimal, tolerance
Cplex Time: 0.00sec (det. 0.04 ticks)
Fixing integer variables, and solving final LP...
Fixed MIP status(1): optimal
Cplex Time: 0.00sec (det. 0.00 ticks)
Solution satisfies tolerances.

MIP Solution:          308.000000    (1 iterations, 0 nodes)
Final Solve:           308.000000    (0 iterations)

Best possible:         331.939394
Absolute gap:           23.939394
Relative gap:            0.072120


                           LOWER          LEVEL          UPPER         MARGINAL

---- EQU OBJ                 .              .              .             1.0000      
---- EQU R1                -INF          220.0000       250.0000          .          

  OBJ  función objetivo
  R1  restricción

                           LOWER          LEVEL          UPPER         MARGINAL

---- VAR Z                 -INF          308.0000        +INF             .          
---- VAR X1                  .              .             1.0000        23.0000      
---- VAR X2                  .              .             1.0000        79.0000      
---- VAR X3                  .              .             1.0000        35.0000      
---- VAR X4                  .             1.0000         1.0000        54.0000      
---- VAR X5                  .              .             1.0000        13.0000      
---- VAR X6                  .             1.0000         1.0000        83.0000      
---- VAR X7                  .             1.0000         1.0000        86.0000      
---- VAR X8                  .             1.0000         1.0000        57.0000      
---- VAR X9                  .             1.0000         1.0000        28.0000      
---- VAR X10                 .              .             1.0000        11.0000      


**** REPORT SUMMARY :        0     NONOPT
                             0 INFEASIBLE
                             0  UNBOUNDED


EXECUTION TIME       =        0.000 SECONDS      2 MB  30.3.0 rc5da09e WEX-WEI


USER: GAMS Demo license for ANTONIO MARIA GUADIX ESCOG200420|0002CO-GEN
      UNIVERSITY OF GRANADA, Spain                             DL007289


**** FILE SUMMARY

Input      C:\aguadix\GITHUB\SOC\2 Mixed integer programming (MIP)\2 BinaryKnapsack\BinaryKnapsackA\BinaryKnapsackA.gms
Output     C:\aguadix\GITHUB\SOC\2 Mixed integer programming (MIP)\2 BinaryKnapsack\BinaryKnapsackA\BinaryKnapsackA.lst
