GAMS 30.3.0  rc5da09e Released Mar  6, 2020 WEX-WEI x86 64bit/MS Windows - 05/01/20 22:50:15 Page 1
G e n e r a l   A l g e b r a i c   M o d e l i n g   S y s t e m
C o m p i l a t i o n


   1  * BinPackingA.gms
   2   
   3  FREE VARIABLE
   4  Z       'number of trucks used';
   5   
   6  BINARY VARIABLE
   7  xA1, xB1, xC1, xD1, xE1, xF1, xG1, xH1, xI1, xJ1,
   8  xA2, xB2, xC2, xD2, xE2, xF2, xG2, xH2, xI2, xJ2,
   9  xA3, xB3, xC3, xD3, xE3, xF3, xG3, xH3, xI3, xJ3,
  10  xA4, xB4, xC4, xD4, xE4, xF4, xG4, xH4, xI4, xJ4,
  11  xA5, xB5, xC5, xD5, xE5, xF5, xG5, xH5, xI5, xJ5,
  12  xA6, xB6, xC6, xD6, xE6, xF6, xG6, xH6, xI6, xJ6 'if farm is collected by truck = 1, else = 0'
  13   
  14  y1, y2, y3, y4, y5, y6  'if truck is used = 1, else = 0';
  15   
  16  EQUATION
  17  OBJ 'number of trucks used'
  18  ROA, ROB, ROC, ROD, ROE, ROF, ROG, ROH, ROI, ROJ '-'
  19  RVT1, RVT2, RVT3, RVT4, RVT5, RVT6 'm3';
  20   
  21  OBJ..   y1 + y2 + y3 + y4 + y5 + y6 =E= Z;
  22   
  23  ROA..   xA1  + xA2  + xA3  + xA4  + xA5  + xA6  =E= 1;
  24  ROB..   xB1  + xB2  + xB3  + xB4  + xB5  + xB6  =E= 1;
  25  ROC..   xC1  + xC2  + xC3  + xC4  + xC5  + xC6  =E= 1;
  26  ROD..   xD1  + xD2  + xD3  + xD4  + xD5  + xD6  =E= 1;
  27  ROE..   xE1  + xE2  + xE3  + xE4  + xE5  + xE6  =E= 1;
  28  ROF..   xF1  + xF2  + xF3  + xF4  + xF5  + xF6  =E= 1;
  29  ROG..   xG1  + xG2  + xG3  + xG4  + xG5  + xG6  =E= 1;
  30  ROH..   xH1  + xH2  + xH3  + xH4  + xH5  + xH6  =E= 1;
  31  ROI..   xI1  + xI2  + xI3  + xI4  + xI5  + xI6  =E= 1;
  32  ROJ..   xJ1  + xJ2  + xJ3  + xJ4  + xJ5  + xJ6  =E= 1;
  33   
  34  RVT1..  1*xA1 + 1*xB1 + 2*xC1 + 2*xD1 + 4*xE1 + 4*xF1 + 5*xG1 + 6*xH1 + 7*xI1 + 8*xJ1 =L= 10*y1;
  35  RVT2..  1*xA2 + 1*xB2 + 2*xC2 + 2*xD2 + 4*xE2 + 4*xF2 + 5*xG2 + 6*xH2 + 7*xI2 + 8*xJ2 =L= 10*y2;
  36  RVT3..  1*xA3 + 1*xB3 + 2*xC3 + 2*xD3 + 4*xE3 + 4*xF3 + 5*xG3 + 6*xH3 + 7*xI3 + 8*xJ3 =L= 10*y3;
  37  RVT4..  1*xA4 + 1*xB4 + 2*xC4 + 2*xD4 + 4*xE4 + 4*xF4 + 5*xG4 + 6*xH4 + 7*xI4 + 8*xJ4 =L= 10*y4;
  38  RVT5..  1*xA5 + 1*xB5 + 2*xC5 + 2*xD5 + 4*xE5 + 4*xF5 + 5*xG5 + 6*xH5 + 7*xI5 + 8*xJ5 =L= 10*y5;
  39  RVT6..  1*xA6 + 1*xB6 + 2*xC6 + 2*xD6 + 4*xE6 + 4*xF6 + 5*xG6 + 6*xH6 + 7*xI6 + 8*xJ6 =L= 10*y6;
  40   
  41  MODEL BinPackingB /all/;
  42   
  43  SOLVE BinPackingB USING MIP MINIMIZING Z;


COMPILATION TIME     =        0.000 SECONDS      2 MB  30.3.0 rc5da09e WEX-WEI
GAMS 30.3.0  rc5da09e Released Mar  6, 2020 WEX-WEI x86 64bit/MS Windows - 05/01/20 22:50:15 Page 2
G e n e r a l   A l g e b r a i c   M o d e l i n g   S y s t e m
Equation Listing    SOLVE BinPackingB Using MIP From line 43


---- OBJ  =E=  number of trucks used

OBJ..  - Z + y1 + y2 + y3 + y4 + y5 + y6 =E= 0 ; (LHS = 0)
     

---- ROA  =E=  

ROA..  xA1 + xA2 + xA3 + xA4 + xA5 + xA6 =E= 1 ; (LHS = 0, INFES = 1 ****)
     

---- ROB  =E=  

ROB..  xB1 + xB2 + xB3 + xB4 + xB5 + xB6 =E= 1 ; (LHS = 0, INFES = 1 ****)
     

---- ROC  =E=  

ROC..  xC1 + xC2 + xC3 + xC4 + xC5 + xC6 =E= 1 ; (LHS = 0, INFES = 1 ****)
     

---- ROD  =E=  

ROD..  xD1 + xD2 + xD3 + xD4 + xD5 + xD6 =E= 1 ; (LHS = 0, INFES = 1 ****)
     

---- ROE  =E=  

ROE..  xE1 + xE2 + xE3 + xE4 + xE5 + xE6 =E= 1 ; (LHS = 0, INFES = 1 ****)
     

---- ROF  =E=  

ROF..  xF1 + xF2 + xF3 + xF4 + xF5 + xF6 =E= 1 ; (LHS = 0, INFES = 1 ****)
     

---- ROG  =E=  

ROG..  xG1 + xG2 + xG3 + xG4 + xG5 + xG6 =E= 1 ; (LHS = 0, INFES = 1 ****)
     

---- ROH  =E=  

ROH..  xH1 + xH2 + xH3 + xH4 + xH5 + xH6 =E= 1 ; (LHS = 0, INFES = 1 ****)
     

---- ROI  =E=  

ROI..  xI1 + xI2 + xI3 + xI4 + xI5 + xI6 =E= 1 ; (LHS = 0, INFES = 1 ****)
     

---- ROJ  =E=  -

ROJ..  xJ1 + xJ2 + xJ3 + xJ4 + xJ5 + xJ6 =E= 1 ; (LHS = 0, INFES = 1 ****)
     

---- RVT1  =L=  

RVT1..  xA1 + xB1 + 2*xC1 + 2*xD1 + 4*xE1 + 4*xF1 + 5*xG1 + 6*xH1 + 7*xI1 + 8*xJ1 - 10*y1 =L= 0 ; (LHS = 0)
     

---- RVT2  =L=  

RVT2..  xA2 + xB2 + 2*xC2 + 2*xD2 + 4*xE2 + 4*xF2 + 5*xG2 + 6*xH2 + 7*xI2 + 8*xJ2 - 10*y2 =L= 0 ; (LHS = 0)
     

---- RVT3  =L=  

RVT3..  xA3 + xB3 + 2*xC3 + 2*xD3 + 4*xE3 + 4*xF3 + 5*xG3 + 6*xH3 + 7*xI3 + 8*xJ3 - 10*y3 =L= 0 ; (LHS = 0)
     

---- RVT4  =L=  

RVT4..  xA4 + xB4 + 2*xC4 + 2*xD4 + 4*xE4 + 4*xF4 + 5*xG4 + 6*xH4 + 7*xI4 + 8*xJ4 - 10*y4 =L= 0 ; (LHS = 0)
     

---- RVT5  =L=  

RVT5..  xA5 + xB5 + 2*xC5 + 2*xD5 + 4*xE5 + 4*xF5 + 5*xG5 + 6*xH5 + 7*xI5 + 8*xJ5 - 10*y5 =L= 0 ; (LHS = 0)
     

---- RVT6  =L=  m3

RVT6..  xA6 + xB6 + 2*xC6 + 2*xD6 + 4*xE6 + 4*xF6 + 5*xG6 + 6*xH6 + 7*xI6 + 8*xJ6 - 10*y6 =L= 0 ; (LHS = 0)
     
GAMS 30.3.0  rc5da09e Released Mar  6, 2020 WEX-WEI x86 64bit/MS Windows - 05/01/20 22:50:15 Page 3
G e n e r a l   A l g e b r a i c   M o d e l i n g   S y s t e m
Column Listing      SOLVE BinPackingB Using MIP From line 43


---- Z  number of trucks used

Z
                (.LO, .L, .UP, .M = -INF, 0, +INF, 0)
       -1       OBJ


---- xA1  

xA1
                (.LO, .L, .UP, .M = 0, 0, 1, 0)
        1       ROA
        1       RVT1


---- xB1  

xB1
                (.LO, .L, .UP, .M = 0, 0, 1, 0)
        1       ROB
        1       RVT1


---- xC1  

xC1
                (.LO, .L, .UP, .M = 0, 0, 1, 0)
        1       ROC
        2       RVT1


---- xD1  

xD1
                (.LO, .L, .UP, .M = 0, 0, 1, 0)
        1       ROD
        2       RVT1


---- xE1  

xE1
                (.LO, .L, .UP, .M = 0, 0, 1, 0)
        1       ROE
        4       RVT1


---- xF1  

xF1
                (.LO, .L, .UP, .M = 0, 0, 1, 0)
        1       ROF
        4       RVT1


---- xG1  

xG1
                (.LO, .L, .UP, .M = 0, 0, 1, 0)
        1       ROG
        5       RVT1


---- xH1  

xH1
                (.LO, .L, .UP, .M = 0, 0, 1, 0)
        1       ROH
        6       RVT1


---- xI1  

xI1
                (.LO, .L, .UP, .M = 0, 0, 1, 0)
        1       ROI
        7       RVT1


---- xJ1  

xJ1
                (.LO, .L, .UP, .M = 0, 0, 1, 0)
        1       ROJ
        8       RVT1


---- xA2  

xA2
                (.LO, .L, .UP, .M = 0, 0, 1, 0)
        1       ROA
        1       RVT2


---- xB2  

xB2
                (.LO, .L, .UP, .M = 0, 0, 1, 0)
        1       ROB
        1       RVT2


---- xC2  

xC2
                (.LO, .L, .UP, .M = 0, 0, 1, 0)
        1       ROC
        2       RVT2


---- xD2  

xD2
                (.LO, .L, .UP, .M = 0, 0, 1, 0)
        1       ROD
        2       RVT2


---- xE2  

xE2
                (.LO, .L, .UP, .M = 0, 0, 1, 0)
        1       ROE
        4       RVT2


---- xF2  

xF2
                (.LO, .L, .UP, .M = 0, 0, 1, 0)
        1       ROF
        4       RVT2


---- xG2  

xG2
                (.LO, .L, .UP, .M = 0, 0, 1, 0)
        1       ROG
        5       RVT2


---- xH2  

xH2
                (.LO, .L, .UP, .M = 0, 0, 1, 0)
        1       ROH
        6       RVT2


---- xI2  

xI2
                (.LO, .L, .UP, .M = 0, 0, 1, 0)
        1       ROI
        7       RVT2


---- xJ2  

xJ2
                (.LO, .L, .UP, .M = 0, 0, 1, 0)
        1       ROJ
        8       RVT2


---- xA3  

xA3
                (.LO, .L, .UP, .M = 0, 0, 1, 0)
        1       ROA
        1       RVT3


---- xB3  

xB3
                (.LO, .L, .UP, .M = 0, 0, 1, 0)
        1       ROB
        1       RVT3


---- xC3  

xC3
                (.LO, .L, .UP, .M = 0, 0, 1, 0)
        1       ROC
        2       RVT3


---- xD3  

xD3
                (.LO, .L, .UP, .M = 0, 0, 1, 0)
        1       ROD
        2       RVT3


---- xE3  

xE3
                (.LO, .L, .UP, .M = 0, 0, 1, 0)
        1       ROE
        4       RVT3


---- xF3  

xF3
                (.LO, .L, .UP, .M = 0, 0, 1, 0)
        1       ROF
        4       RVT3


---- xG3  

xG3
                (.LO, .L, .UP, .M = 0, 0, 1, 0)
        1       ROG
        5       RVT3


---- xH3  

xH3
                (.LO, .L, .UP, .M = 0, 0, 1, 0)
        1       ROH
        6       RVT3


---- xI3  

xI3
                (.LO, .L, .UP, .M = 0, 0, 1, 0)
        1       ROI
        7       RVT3


---- xJ3  

xJ3
                (.LO, .L, .UP, .M = 0, 0, 1, 0)
        1       ROJ
        8       RVT3


---- xA4  

xA4
                (.LO, .L, .UP, .M = 0, 0, 1, 0)
        1       ROA
        1       RVT4


---- xB4  

xB4
                (.LO, .L, .UP, .M = 0, 0, 1, 0)
        1       ROB
        1       RVT4


---- xC4  

xC4
                (.LO, .L, .UP, .M = 0, 0, 1, 0)
        1       ROC
        2       RVT4


---- xD4  

xD4
                (.LO, .L, .UP, .M = 0, 0, 1, 0)
        1       ROD
        2       RVT4


---- xE4  

xE4
                (.LO, .L, .UP, .M = 0, 0, 1, 0)
        1       ROE
        4       RVT4


---- xF4  

xF4
                (.LO, .L, .UP, .M = 0, 0, 1, 0)
        1       ROF
        4       RVT4


---- xG4  

xG4
                (.LO, .L, .UP, .M = 0, 0, 1, 0)
        1       ROG
        5       RVT4


---- xH4  

xH4
                (.LO, .L, .UP, .M = 0, 0, 1, 0)
        1       ROH
        6       RVT4


---- xI4  

xI4
                (.LO, .L, .UP, .M = 0, 0, 1, 0)
        1       ROI
        7       RVT4


---- xJ4  

xJ4
                (.LO, .L, .UP, .M = 0, 0, 1, 0)
        1       ROJ
        8       RVT4


---- xA5  

xA5
                (.LO, .L, .UP, .M = 0, 0, 1, 0)
        1       ROA
        1       RVT5


---- xB5  

xB5
                (.LO, .L, .UP, .M = 0, 0, 1, 0)
        1       ROB
        1       RVT5


---- xC5  

xC5
                (.LO, .L, .UP, .M = 0, 0, 1, 0)
        1       ROC
        2       RVT5


---- xD5  

xD5
                (.LO, .L, .UP, .M = 0, 0, 1, 0)
        1       ROD
        2       RVT5


---- xE5  

xE5
                (.LO, .L, .UP, .M = 0, 0, 1, 0)
        1       ROE
        4       RVT5


---- xF5  

xF5
                (.LO, .L, .UP, .M = 0, 0, 1, 0)
        1       ROF
        4       RVT5


---- xG5  

xG5
                (.LO, .L, .UP, .M = 0, 0, 1, 0)
        1       ROG
        5       RVT5


---- xH5  

xH5
                (.LO, .L, .UP, .M = 0, 0, 1, 0)
        1       ROH
        6       RVT5


---- xI5  

xI5
                (.LO, .L, .UP, .M = 0, 0, 1, 0)
        1       ROI
        7       RVT5


---- xJ5  

xJ5
                (.LO, .L, .UP, .M = 0, 0, 1, 0)
        1       ROJ
        8       RVT5


---- xA6  

xA6
                (.LO, .L, .UP, .M = 0, 0, 1, 0)
        1       ROA
        1       RVT6


---- xB6  

xB6
                (.LO, .L, .UP, .M = 0, 0, 1, 0)
        1       ROB
        1       RVT6


---- xC6  

xC6
                (.LO, .L, .UP, .M = 0, 0, 1, 0)
        1       ROC
        2       RVT6


---- xD6  

xD6
                (.LO, .L, .UP, .M = 0, 0, 1, 0)
        1       ROD
        2       RVT6


---- xE6  

xE6
                (.LO, .L, .UP, .M = 0, 0, 1, 0)
        1       ROE
        4       RVT6


---- xF6  

xF6
                (.LO, .L, .UP, .M = 0, 0, 1, 0)
        1       ROF
        4       RVT6


---- xG6  

xG6
                (.LO, .L, .UP, .M = 0, 0, 1, 0)
        1       ROG
        5       RVT6


---- xH6  

xH6
                (.LO, .L, .UP, .M = 0, 0, 1, 0)
        1       ROH
        6       RVT6


---- xI6  

xI6
                (.LO, .L, .UP, .M = 0, 0, 1, 0)
        1       ROI
        7       RVT6


---- xJ6  if farm is collected by truck = 1, else = 0

xJ6
                (.LO, .L, .UP, .M = 0, 0, 1, 0)
        1       ROJ
        8       RVT6


---- y1  

y1
                (.LO, .L, .UP, .M = 0, 0, 1, 0)
        1       OBJ
      -10       RVT1


---- y2  

y2
                (.LO, .L, .UP, .M = 0, 0, 1, 0)
        1       OBJ
      -10       RVT2


---- y3  

y3
                (.LO, .L, .UP, .M = 0, 0, 1, 0)
        1       OBJ
      -10       RVT3


---- y4  

y4
                (.LO, .L, .UP, .M = 0, 0, 1, 0)
        1       OBJ
      -10       RVT4


---- y5  

y5
                (.LO, .L, .UP, .M = 0, 0, 1, 0)
        1       OBJ
      -10       RVT5


---- y6  if truck is used = 1, else = 0

y6
                (.LO, .L, .UP, .M = 0, 0, 1, 0)
        1       OBJ
      -10       RVT6

GAMS 30.3.0  rc5da09e Released Mar  6, 2020 WEX-WEI x86 64bit/MS Windows - 05/01/20 22:50:15 Page 4
G e n e r a l   A l g e b r a i c   M o d e l i n g   S y s t e m
Model Statistics    SOLVE BinPackingB Using MIP From line 43


MODEL STATISTICS

BLOCKS OF EQUATIONS          17     SINGLE EQUATIONS           17
BLOCKS OF VARIABLES          67     SINGLE VARIABLES           67
NON ZERO ELEMENTS           133     DISCRETE VARIABLES         66


GENERATION TIME      =        0.016 SECONDS      3 MB  30.3.0 rc5da09e WEX-WEI


EXECUTION TIME       =        0.016 SECONDS      3 MB  30.3.0 rc5da09e WEX-WEI
GAMS 30.3.0  rc5da09e Released Mar  6, 2020 WEX-WEI x86 64bit/MS Windows - 05/01/20 22:50:15 Page 5
G e n e r a l   A l g e b r a i c   M o d e l i n g   S y s t e m
Solution Report     SOLVE BinPackingB Using MIP From line 43


               S O L V E      S U M M A R Y

     MODEL   BinPackingB         OBJECTIVE  Z
     TYPE    MIP                 DIRECTION  MINIMIZE
     SOLVER  CPLEX               FROM LINE  43

**** SOLVER STATUS     1 Normal Completion         
**** MODEL STATUS      1 Optimal                   
**** OBJECTIVE VALUE                4.0000

 RESOURCE USAGE, LIMIT          0.031      1000.000
 ITERATION COUNT, LIMIT        33    2000000000

IBM ILOG CPLEX   30.3.0 rc5da09e Released Mar 06, 2020 WEI x86 64bit/MS Window
*** This solver runs with a demo license. No commercial use.
Cplex 12.10.0.0

Space for names approximately 0.00 Mb
Use option 'names no' to turn use of names off
MIP status(101): integer optimal solution
Cplex Time: 0.00sec (det. 0.98 ticks)
Fixing integer variables, and solving final LP...
Fixed MIP status(1): optimal
Cplex Time: 0.00sec (det. 0.03 ticks)
Proven optimal solution.

MIP Solution:            4.000000    (33 iterations, 0 nodes)
Final Solve:             4.000000    (0 iterations)

Best possible:           4.000000
Absolute gap:            0.000000
Relative gap:            0.000000


                           LOWER          LEVEL          UPPER         MARGINAL

---- EQU OBJ                 .              .              .            -1.0000      
---- EQU ROA                1.0000         1.0000         1.0000          .          
---- EQU ROB                1.0000         1.0000         1.0000          .          
---- EQU ROC                1.0000         1.0000         1.0000          .          
---- EQU ROD                1.0000         1.0000         1.0000          .          
---- EQU ROE                1.0000         1.0000         1.0000          .          
---- EQU ROF                1.0000         1.0000         1.0000          .          
---- EQU ROG                1.0000         1.0000         1.0000          .          
---- EQU ROH                1.0000         1.0000         1.0000          .          
---- EQU ROI                1.0000         1.0000         1.0000          .          
---- EQU ROJ                1.0000         1.0000         1.0000          .          
---- EQU RVT1              -INF             .              .              .          
---- EQU RVT2              -INF             .              .              .          
---- EQU RVT3              -INF             .              .              .          
---- EQU RVT4              -INF             .              .              .          
---- EQU RVT5              -INF             .              .              .          
---- EQU RVT6              -INF             .              .              .          

  OBJ  number of trucks used
  ROJ  -
  RVT6  m3

                           LOWER          LEVEL          UPPER         MARGINAL

---- VAR Z                 -INF            4.0000        +INF             .          
---- VAR xA1                 .             1.0000         1.0000         EPS         
---- VAR xB1                 .              .             1.0000         EPS         
---- VAR xC1                 .              .             1.0000         EPS         
---- VAR xD1                 .              .             1.0000         EPS         
---- VAR xE1                 .             1.0000         1.0000         EPS         
---- VAR xF1                 .              .             1.0000         EPS         
---- VAR xG1                 .             1.0000         1.0000         EPS         
---- VAR xH1                 .              .             1.0000         EPS         
---- VAR xI1                 .              .             1.0000         EPS         
---- VAR xJ1                 .              .             1.0000         EPS         
---- VAR xA2                 .              .             1.0000         EPS         
---- VAR xB2                 .              .             1.0000         EPS         
---- VAR xC2                 .             1.0000         1.0000         EPS         
---- VAR xD2                 .              .             1.0000         EPS         
---- VAR xE2                 .              .             1.0000         EPS         
---- VAR xF2                 .              .             1.0000         EPS         
---- VAR xG2                 .              .             1.0000         EPS         
---- VAR xH2                 .              .             1.0000         EPS         
---- VAR xI2                 .              .             1.0000         EPS         
---- VAR xJ2                 .             1.0000         1.0000         EPS         
---- VAR xA3                 .              .             1.0000         EPS         
---- VAR xB3                 .              .             1.0000         EPS         
---- VAR xC3                 .              .             1.0000         EPS         
---- VAR xD3                 .              .             1.0000         EPS         
---- VAR xE3                 .              .             1.0000         EPS         
---- VAR xF3                 .              .             1.0000         EPS         
---- VAR xG3                 .              .             1.0000         EPS         
---- VAR xH3                 .              .             1.0000         EPS         
---- VAR xI3                 .              .             1.0000         EPS         
---- VAR xJ3                 .              .             1.0000         EPS         
---- VAR xA4                 .              .             1.0000         EPS         
---- VAR xB4                 .              .             1.0000         EPS         
---- VAR xC4                 .              .             1.0000         EPS         
---- VAR xD4                 .              .             1.0000         EPS         
---- VAR xE4                 .              .             1.0000         EPS         
---- VAR xF4                 .             1.0000         1.0000         EPS         
---- VAR xG4                 .              .             1.0000         EPS         
---- VAR xH4                 .             1.0000         1.0000         EPS         
---- VAR xI4                 .              .             1.0000         EPS         
---- VAR xJ4                 .              .             1.0000         EPS         
---- VAR xA5                 .              .             1.0000         EPS         
---- VAR xB5                 .             1.0000         1.0000         EPS         
---- VAR xC5                 .              .             1.0000         EPS         
---- VAR xD5                 .             1.0000         1.0000         EPS         
---- VAR xE5                 .              .             1.0000         EPS         
---- VAR xF5                 .              .             1.0000         EPS         
---- VAR xG5                 .              .             1.0000         EPS         
---- VAR xH5                 .              .             1.0000         EPS         
---- VAR xI5                 .             1.0000         1.0000         EPS         
---- VAR xJ5                 .              .             1.0000         EPS         
---- VAR xA6                 .              .             1.0000         EPS         
---- VAR xB6                 .              .             1.0000         EPS         
---- VAR xC6                 .              .             1.0000         EPS         
---- VAR xD6                 .              .             1.0000         EPS         
---- VAR xE6                 .              .             1.0000         EPS         
---- VAR xF6                 .              .             1.0000         EPS         
---- VAR xG6                 .              .             1.0000         EPS         
---- VAR xH6                 .              .             1.0000         EPS         
---- VAR xI6                 .              .             1.0000         EPS         
---- VAR xJ6                 .              .             1.0000         EPS         
---- VAR y1                  .             1.0000         1.0000         1.0000      
---- VAR y2                  .             1.0000         1.0000         1.0000      
---- VAR y3                  .              .             1.0000         1.0000      
---- VAR y4                  .             1.0000         1.0000         1.0000      
---- VAR y5                  .             1.0000         1.0000         1.0000      
---- VAR y6                  .              .             1.0000         1.0000      

  Z  number of trucks used
  xJ6  if farm is collected by truck = 1, else = 0
  y6  if truck is used = 1, else = 0


**** REPORT SUMMARY :        0     NONOPT
                             0 INFEASIBLE
                             0  UNBOUNDED


EXECUTION TIME       =        0.000 SECONDS      2 MB  30.3.0 rc5da09e WEX-WEI


USER: GAMS Demo license for ANTONIO MARIA GUADIX ESCOG200420|0002CO-GEN
      UNIVERSITY OF GRANADA, Spain                             DL007289


**** FILE SUMMARY

Input      C:\aguadix\GITHUB\SOC\2MixedIntegerProgramming\2BinPacking\BinPackingA\BinPackingA.gms
Output     C:\aguadix\GITHUB\SOC\2MixedIntegerProgramming\2BinPacking\BinPackingA\BinPackingA.lst
