GAMS 30.3.0  rc5da09e Released Mar  6, 2020 WEX-WEI x86 64bit/MS Windows - 04/22/20 11:19:00 Page 1
G e n e r a l   A l g e b r a i c   M o d e l i n g   S y s t e m
C o m p i l a t i o n


   1  * BinPackingA.gms
   2  * Problema de empaquetamiento
   3   
   4  VARIABLES
   5   
   6  * Número de cajas usadas;
   7  N;
   8   
   9   
  10  BINARY VARIABLES
  11  * Xij  ¿se mete el objeto i en la caja j?
  12  X11, X21, X31, X41, X51, X61, X71, X81, X91, X101,
  13  X12, X22, X32, X42, X52, X62, X72, X82, X92, X102,
  14  X13, X23, X33, X43, X53, X63, X73, X83, X93, X103,
  15  X14, X24, X34, X44, X54, X64, X74, X84, X94, X104,
  16  X15, X25, X35, X45, X55, X65, X75, X85, X95, X105,
  17  X16, X26, X36, X46, X56, X66, X76, X86, X96, X106
  18   
  19   
  20  *Yj  ¿se usa la caja j?;
  21  Y1, Y2, Y3, Y4, Y5, Y6;
  22   
  23  EQUATIONS
  24   
  25  *Obj, Asigna(i), Cap(j);
  26  Obj,
  27  Asigna1, Asigna2, Asigna3, Asigna4, Asigna5, Asigna6, Asigna7, Asigna8, Asigna9, Asigna10,
  28  Cap1, Cap2, Cap3, Cap4, Cap5, Cap6;
  29   
  30   
  31   
  32  * Obj..         N =E= sum(j,y(j)) ;
  33  Obj..           N =E= Y1 + Y2 + Y3 + Y4 + Y5 + Y6;
  34   
  35   
  36  * Asigna(i)..   sum(j,x(i,j)) =E= 1 ;
  37  * Cada objeto en una caja
  38  Asigna1..       X11 + X12 + X13 + X14 + X15 + X16 =E= 1;
  39  Asigna2..       X21 + X22 + X23 + X24 + X25 + X26 =E= 1;
  40  Asigna3..       X31 + X32 + X33 + X34 + X35 + X36 =E= 1;
  41  Asigna4..       X41 + X42 + X43 + X44 + X45 + X46 =E= 1;
  42  Asigna5..       X51 + X52 + X53 + X54 + X55 + X56 =E= 1;
  43  Asigna6..       X61 + X62 + X63 + X64 + X65 + X66 =E= 1;
  44  Asigna7..       X71 + X72 + X73 + X74 + X75 + X76 =E= 1;
  45  Asigna8..       X81 + X82 + X83 + X84 + X85 + X86 =E= 1;
  46  Asigna9..       X91 + X92 + X93 + X94 + X95 + X96 =E= 1;
  47  Asigna10..      X101 + X102 + X103 + X104 + X105 + X106 =E= 1;
  48   
  49   
  50  * Cap(j)..      sum(i,w(i)*x(i,j)) =L= V*y(j);
  51  * No superar la capacidad de la caja
  52  Cap1..          1*X11 + 1*X21 + 2*X31 + 2*X41 + 4*X51 + 4*X61 + 5*X71 + 6*X81 + 7*X91 + 8*X101 =L= 10*Y1;
  53  Cap2..          1*X12 + 1*X22 + 2*X32 + 2*X42 + 4*X52 + 4*X62 + 5*X72 + 6*X82 + 7*X92 + 8*X102 =L= 10*Y2;
  54  Cap3..          1*X13 + 1*X23 + 2*X33 + 2*X43 + 4*X53 + 4*X63 + 5*X73 + 6*X83 + 7*X93 + 8*X103 =L= 10*Y3;
  55  Cap4..          1*X14 + 1*X24 + 2*X34 + 2*X44 + 4*X54 + 4*X64 + 5*X74 + 6*X84 + 7*X94 + 8*X104 =L= 10*Y4;
  56  Cap5..          1*X15 + 1*X25 + 2*X35 + 2*X45 + 4*X55 + 4*X65 + 5*X75 + 6*X85 + 7*X95 + 8*X105 =L= 10*Y5;
  57  Cap6..          1*X16 + 1*X26 + 2*X36 + 2*X46 + 4*X56 + 4*X66 + 5*X76 + 6*X86 + 7*X96 + 8*X106 =L= 10*Y6;
  58   
  59   
  60  MODEL BinPackingB /all/;
  61   
  62   
  63  SOLVE BinPackingB using MIP minimizing N;


COMPILATION TIME     =        0.000 SECONDS      2 MB  30.3.0 rc5da09e WEX-WEI
GAMS 30.3.0  rc5da09e Released Mar  6, 2020 WEX-WEI x86 64bit/MS Windows - 04/22/20 11:19:00 Page 2
G e n e r a l   A l g e b r a i c   M o d e l i n g   S y s t e m
Equation Listing    SOLVE BinPackingB Using MIP From line 63


---- Obj  =E=  

Obj..  N - Y1 - Y2 - Y3 - Y4 - Y5 - Y6 =E= 0 ; (LHS = 0)
     

---- Asigna1  =E=  

Asigna1..  X11 + X12 + X13 + X14 + X15 + X16 =E= 1 ; (LHS = 0, INFES = 1 ****)
     

---- Asigna2  =E=  

Asigna2..  X21 + X22 + X23 + X24 + X25 + X26 =E= 1 ; (LHS = 0, INFES = 1 ****)
     

---- Asigna3  =E=  

Asigna3..  X31 + X32 + X33 + X34 + X35 + X36 =E= 1 ; (LHS = 0, INFES = 1 ****)
     

---- Asigna4  =E=  

Asigna4..  X41 + X42 + X43 + X44 + X45 + X46 =E= 1 ; (LHS = 0, INFES = 1 ****)
     

---- Asigna5  =E=  

Asigna5..  X51 + X52 + X53 + X54 + X55 + X56 =E= 1 ; (LHS = 0, INFES = 1 ****)
     

---- Asigna6  =E=  

Asigna6..  X61 + X62 + X63 + X64 + X65 + X66 =E= 1 ; (LHS = 0, INFES = 1 ****)
     

---- Asigna7  =E=  

Asigna7..  X71 + X72 + X73 + X74 + X75 + X76 =E= 1 ; (LHS = 0, INFES = 1 ****)
     

---- Asigna8  =E=  

Asigna8..  X81 + X82 + X83 + X84 + X85 + X86 =E= 1 ; (LHS = 0, INFES = 1 ****)
     

---- Asigna9  =E=  

Asigna9..  X91 + X92 + X93 + X94 + X95 + X96 =E= 1 ; (LHS = 0, INFES = 1 ****)
     

---- Asigna10  =E=  

Asigna10..  X101 + X102 + X103 + X104 + X105 + X106 =E= 1 ; (LHS = 0, INFES = 1 ****)
     

---- Cap1  =L=  

Cap1..  X11 + X21 + 2*X31 + 2*X41 + 4*X51 + 4*X61 + 5*X71 + 6*X81 + 7*X91 + 8*X101 - 10*Y1 =L= 0 ; (LHS = 0)
     

---- Cap2  =L=  

Cap2..  X12 + X22 + 2*X32 + 2*X42 + 4*X52 + 4*X62 + 5*X72 + 6*X82 + 7*X92 + 8*X102 - 10*Y2 =L= 0 ; (LHS = 0)
     

---- Cap3  =L=  

Cap3..  X13 + X23 + 2*X33 + 2*X43 + 4*X53 + 4*X63 + 5*X73 + 6*X83 + 7*X93 + 8*X103 - 10*Y3 =L= 0 ; (LHS = 0)
     

---- Cap4  =L=  

Cap4..  X14 + X24 + 2*X34 + 2*X44 + 4*X54 + 4*X64 + 5*X74 + 6*X84 + 7*X94 + 8*X104 - 10*Y4 =L= 0 ; (LHS = 0)
     

---- Cap5  =L=  

Cap5..  X15 + X25 + 2*X35 + 2*X45 + 4*X55 + 4*X65 + 5*X75 + 6*X85 + 7*X95 + 8*X105 - 10*Y5 =L= 0 ; (LHS = 0)
     

---- Cap6  =L=  

Cap6..  X16 + X26 + 2*X36 + 2*X46 + 4*X56 + 4*X66 + 5*X76 + 6*X86 + 7*X96 + 8*X106 - 10*Y6 =L= 0 ; (LHS = 0)
     
GAMS 30.3.0  rc5da09e Released Mar  6, 2020 WEX-WEI x86 64bit/MS Windows - 04/22/20 11:19:00 Page 3
G e n e r a l   A l g e b r a i c   M o d e l i n g   S y s t e m
Column Listing      SOLVE BinPackingB Using MIP From line 63


---- N  

N
                (.LO, .L, .UP, .M = -INF, 0, +INF, 0)
        1       Obj


---- X11  

X11
                (.LO, .L, .UP, .M = 0, 0, 1, 0)
        1       Asigna1
        1       Cap1


---- X21  

X21
                (.LO, .L, .UP, .M = 0, 0, 1, 0)
        1       Asigna2
        1       Cap1


---- X31  

X31
                (.LO, .L, .UP, .M = 0, 0, 1, 0)
        1       Asigna3
        2       Cap1


---- X41  

X41
                (.LO, .L, .UP, .M = 0, 0, 1, 0)
        1       Asigna4
        2       Cap1


---- X51  

X51
                (.LO, .L, .UP, .M = 0, 0, 1, 0)
        1       Asigna5
        4       Cap1


---- X61  

X61
                (.LO, .L, .UP, .M = 0, 0, 1, 0)
        1       Asigna6
        4       Cap1


---- X71  

X71
                (.LO, .L, .UP, .M = 0, 0, 1, 0)
        1       Asigna7
        5       Cap1


---- X81  

X81
                (.LO, .L, .UP, .M = 0, 0, 1, 0)
        1       Asigna8
        6       Cap1


---- X91  

X91
                (.LO, .L, .UP, .M = 0, 0, 1, 0)
        1       Asigna9
        7       Cap1


---- X101  

X101
                (.LO, .L, .UP, .M = 0, 0, 1, 0)
        1       Asigna10
        8       Cap1


---- X12  

X12
                (.LO, .L, .UP, .M = 0, 0, 1, 0)
        1       Asigna1
        1       Cap2


---- X22  

X22
                (.LO, .L, .UP, .M = 0, 0, 1, 0)
        1       Asigna2
        1       Cap2


---- X32  

X32
                (.LO, .L, .UP, .M = 0, 0, 1, 0)
        1       Asigna3
        2       Cap2


---- X42  

X42
                (.LO, .L, .UP, .M = 0, 0, 1, 0)
        1       Asigna4
        2       Cap2


---- X52  

X52
                (.LO, .L, .UP, .M = 0, 0, 1, 0)
        1       Asigna5
        4       Cap2


---- X62  

X62
                (.LO, .L, .UP, .M = 0, 0, 1, 0)
        1       Asigna6
        4       Cap2


---- X72  

X72
                (.LO, .L, .UP, .M = 0, 0, 1, 0)
        1       Asigna7
        5       Cap2


---- X82  

X82
                (.LO, .L, .UP, .M = 0, 0, 1, 0)
        1       Asigna8
        6       Cap2


---- X92  

X92
                (.LO, .L, .UP, .M = 0, 0, 1, 0)
        1       Asigna9
        7       Cap2


---- X102  

X102
                (.LO, .L, .UP, .M = 0, 0, 1, 0)
        1       Asigna10
        8       Cap2


---- X13  

X13
                (.LO, .L, .UP, .M = 0, 0, 1, 0)
        1       Asigna1
        1       Cap3


---- X23  

X23
                (.LO, .L, .UP, .M = 0, 0, 1, 0)
        1       Asigna2
        1       Cap3


---- X33  

X33
                (.LO, .L, .UP, .M = 0, 0, 1, 0)
        1       Asigna3
        2       Cap3


---- X43  

X43
                (.LO, .L, .UP, .M = 0, 0, 1, 0)
        1       Asigna4
        2       Cap3


---- X53  

X53
                (.LO, .L, .UP, .M = 0, 0, 1, 0)
        1       Asigna5
        4       Cap3


---- X63  

X63
                (.LO, .L, .UP, .M = 0, 0, 1, 0)
        1       Asigna6
        4       Cap3


---- X73  

X73
                (.LO, .L, .UP, .M = 0, 0, 1, 0)
        1       Asigna7
        5       Cap3


---- X83  

X83
                (.LO, .L, .UP, .M = 0, 0, 1, 0)
        1       Asigna8
        6       Cap3


---- X93  

X93
                (.LO, .L, .UP, .M = 0, 0, 1, 0)
        1       Asigna9
        7       Cap3


---- X103  

X103
                (.LO, .L, .UP, .M = 0, 0, 1, 0)
        1       Asigna10
        8       Cap3


---- X14  

X14
                (.LO, .L, .UP, .M = 0, 0, 1, 0)
        1       Asigna1
        1       Cap4


---- X24  

X24
                (.LO, .L, .UP, .M = 0, 0, 1, 0)
        1       Asigna2
        1       Cap4


---- X34  

X34
                (.LO, .L, .UP, .M = 0, 0, 1, 0)
        1       Asigna3
        2       Cap4


---- X44  

X44
                (.LO, .L, .UP, .M = 0, 0, 1, 0)
        1       Asigna4
        2       Cap4


---- X54  

X54
                (.LO, .L, .UP, .M = 0, 0, 1, 0)
        1       Asigna5
        4       Cap4


---- X64  

X64
                (.LO, .L, .UP, .M = 0, 0, 1, 0)
        1       Asigna6
        4       Cap4


---- X74  

X74
                (.LO, .L, .UP, .M = 0, 0, 1, 0)
        1       Asigna7
        5       Cap4


---- X84  

X84
                (.LO, .L, .UP, .M = 0, 0, 1, 0)
        1       Asigna8
        6       Cap4


---- X94  

X94
                (.LO, .L, .UP, .M = 0, 0, 1, 0)
        1       Asigna9
        7       Cap4


---- X104  

X104
                (.LO, .L, .UP, .M = 0, 0, 1, 0)
        1       Asigna10
        8       Cap4


---- X15  

X15
                (.LO, .L, .UP, .M = 0, 0, 1, 0)
        1       Asigna1
        1       Cap5


---- X25  

X25
                (.LO, .L, .UP, .M = 0, 0, 1, 0)
        1       Asigna2
        1       Cap5


---- X35  

X35
                (.LO, .L, .UP, .M = 0, 0, 1, 0)
        1       Asigna3
        2       Cap5


---- X45  

X45
                (.LO, .L, .UP, .M = 0, 0, 1, 0)
        1       Asigna4
        2       Cap5


---- X55  

X55
                (.LO, .L, .UP, .M = 0, 0, 1, 0)
        1       Asigna5
        4       Cap5


---- X65  

X65
                (.LO, .L, .UP, .M = 0, 0, 1, 0)
        1       Asigna6
        4       Cap5


---- X75  

X75
                (.LO, .L, .UP, .M = 0, 0, 1, 0)
        1       Asigna7
        5       Cap5


---- X85  

X85
                (.LO, .L, .UP, .M = 0, 0, 1, 0)
        1       Asigna8
        6       Cap5


---- X95  

X95
                (.LO, .L, .UP, .M = 0, 0, 1, 0)
        1       Asigna9
        7       Cap5


---- X105  

X105
                (.LO, .L, .UP, .M = 0, 0, 1, 0)
        1       Asigna10
        8       Cap5


---- X16  

X16
                (.LO, .L, .UP, .M = 0, 0, 1, 0)
        1       Asigna1
        1       Cap6


---- X26  

X26
                (.LO, .L, .UP, .M = 0, 0, 1, 0)
        1       Asigna2
        1       Cap6


---- X36  

X36
                (.LO, .L, .UP, .M = 0, 0, 1, 0)
        1       Asigna3
        2       Cap6


---- X46  

X46
                (.LO, .L, .UP, .M = 0, 0, 1, 0)
        1       Asigna4
        2       Cap6


---- X56  

X56
                (.LO, .L, .UP, .M = 0, 0, 1, 0)
        1       Asigna5
        4       Cap6


---- X66  

X66
                (.LO, .L, .UP, .M = 0, 0, 1, 0)
        1       Asigna6
        4       Cap6


---- X76  

X76
                (.LO, .L, .UP, .M = 0, 0, 1, 0)
        1       Asigna7
        5       Cap6


---- X86  

X86
                (.LO, .L, .UP, .M = 0, 0, 1, 0)
        1       Asigna8
        6       Cap6


---- X96  

X96
                (.LO, .L, .UP, .M = 0, 0, 1, 0)
        1       Asigna9
        7       Cap6


---- X106  

X106
                (.LO, .L, .UP, .M = 0, 0, 1, 0)
        1       Asigna10
        8       Cap6


---- Y1  

Y1
                (.LO, .L, .UP, .M = 0, 0, 1, 0)
       -1       Obj
      -10       Cap1


---- Y2  

Y2
                (.LO, .L, .UP, .M = 0, 0, 1, 0)
       -1       Obj
      -10       Cap2


---- Y3  

Y3
                (.LO, .L, .UP, .M = 0, 0, 1, 0)
       -1       Obj
      -10       Cap3


---- Y4  

Y4
                (.LO, .L, .UP, .M = 0, 0, 1, 0)
       -1       Obj
      -10       Cap4


---- Y5  

Y5
                (.LO, .L, .UP, .M = 0, 0, 1, 0)
       -1       Obj
      -10       Cap5


---- Y6  

Y6
                (.LO, .L, .UP, .M = 0, 0, 1, 0)
       -1       Obj
      -10       Cap6

GAMS 30.3.0  rc5da09e Released Mar  6, 2020 WEX-WEI x86 64bit/MS Windows - 04/22/20 11:19:00 Page 4
G e n e r a l   A l g e b r a i c   M o d e l i n g   S y s t e m
Model Statistics    SOLVE BinPackingB Using MIP From line 63


MODEL STATISTICS

BLOCKS OF EQUATIONS          17     SINGLE EQUATIONS           17
BLOCKS OF VARIABLES          67     SINGLE VARIABLES           67
NON ZERO ELEMENTS           133     DISCRETE VARIABLES         66


GENERATION TIME      =        0.015 SECONDS      3 MB  30.3.0 rc5da09e WEX-WEI


EXECUTION TIME       =        0.015 SECONDS      3 MB  30.3.0 rc5da09e WEX-WEI
GAMS 30.3.0  rc5da09e Released Mar  6, 2020 WEX-WEI x86 64bit/MS Windows - 04/22/20 11:19:00 Page 5
G e n e r a l   A l g e b r a i c   M o d e l i n g   S y s t e m
Solution Report     SOLVE BinPackingB Using MIP From line 63


               S O L V E      S U M M A R Y

     MODEL   BinPackingB         OBJECTIVE  N
     TYPE    MIP                 DIRECTION  MINIMIZE
     SOLVER  CPLEX               FROM LINE  63

**** SOLVER STATUS     1 Normal Completion         
**** MODEL STATUS      1 Optimal                   
**** OBJECTIVE VALUE                4.0000

 RESOURCE USAGE, LIMIT          0.015      1000.000
 ITERATION COUNT, LIMIT        33    2000000000

IBM ILOG CPLEX   30.3.0 rc5da09e Released Mar 06, 2020 WEI x86 64bit/MS Window
*** This solver runs with a demo license. No commercial use.
Cplex 12.10.0.0

Space for names approximately 0.00 Mb
Use option 'names no' to turn use of names off
MIP status(101): integer optimal solution
Cplex Time: 0.02sec (det. 0.98 ticks)
Fixing integer variables, and solving final LP...
Fixed MIP status(1): optimal
Cplex Time: 0.00sec (det. 0.03 ticks)
Proven optimal solution.

MIP Solution:            4.000000    (33 iterations, 0 nodes)
Final Solve:             4.000000    (0 iterations)

Best possible:           4.000000
Absolute gap:            0.000000
Relative gap:            0.000000


                           LOWER          LEVEL          UPPER         MARGINAL

---- EQU Obj                 .              .              .             1.0000      
---- EQU Asigna1            1.0000         1.0000         1.0000          .          
---- EQU Asigna2            1.0000         1.0000         1.0000          .          
---- EQU Asigna3            1.0000         1.0000         1.0000          .          
---- EQU Asigna4            1.0000         1.0000         1.0000          .          
---- EQU Asigna5            1.0000         1.0000         1.0000          .          
---- EQU Asigna6            1.0000         1.0000         1.0000          .          
---- EQU Asigna7            1.0000         1.0000         1.0000          .          
---- EQU Asigna8            1.0000         1.0000         1.0000          .          
---- EQU Asigna9            1.0000         1.0000         1.0000          .          
---- EQU Asigna10           1.0000         1.0000         1.0000          .          
---- EQU Cap1              -INF             .              .              .          
---- EQU Cap2              -INF             .              .              .          
---- EQU Cap3              -INF             .              .              .          
---- EQU Cap4              -INF             .              .              .          
---- EQU Cap5              -INF             .              .              .          
---- EQU Cap6              -INF             .              .              .          

                           LOWER          LEVEL          UPPER         MARGINAL

---- VAR N                 -INF            4.0000        +INF             .          
---- VAR X11                 .             1.0000         1.0000         EPS         
---- VAR X21                 .              .             1.0000         EPS         
---- VAR X31                 .              .             1.0000         EPS         
---- VAR X41                 .              .             1.0000         EPS         
---- VAR X51                 .             1.0000         1.0000         EPS         
---- VAR X61                 .              .             1.0000         EPS         
---- VAR X71                 .             1.0000         1.0000         EPS         
---- VAR X81                 .              .             1.0000         EPS         
---- VAR X91                 .              .             1.0000         EPS         
---- VAR X101                .              .             1.0000         EPS         
---- VAR X12                 .              .             1.0000         EPS         
---- VAR X22                 .              .             1.0000         EPS         
---- VAR X32                 .             1.0000         1.0000         EPS         
---- VAR X42                 .              .             1.0000         EPS         
---- VAR X52                 .              .             1.0000         EPS         
---- VAR X62                 .              .             1.0000         EPS         
---- VAR X72                 .              .             1.0000         EPS         
---- VAR X82                 .              .             1.0000         EPS         
---- VAR X92                 .              .             1.0000         EPS         
---- VAR X102                .             1.0000         1.0000         EPS         
---- VAR X13                 .              .             1.0000         EPS         
---- VAR X23                 .              .             1.0000         EPS         
---- VAR X33                 .              .             1.0000         EPS         
---- VAR X43                 .              .             1.0000         EPS         
---- VAR X53                 .              .             1.0000         EPS         
---- VAR X63                 .              .             1.0000         EPS         
---- VAR X73                 .              .             1.0000         EPS         
---- VAR X83                 .              .             1.0000         EPS         
---- VAR X93                 .              .             1.0000         EPS         
---- VAR X103                .              .             1.0000         EPS         
---- VAR X14                 .              .             1.0000         EPS         
---- VAR X24                 .              .             1.0000         EPS         
---- VAR X34                 .              .             1.0000         EPS         
---- VAR X44                 .              .             1.0000         EPS         
---- VAR X54                 .              .             1.0000         EPS         
---- VAR X64                 .             1.0000         1.0000         EPS         
---- VAR X74                 .              .             1.0000         EPS         
---- VAR X84                 .             1.0000         1.0000         EPS         
---- VAR X94                 .              .             1.0000         EPS         
---- VAR X104                .              .             1.0000         EPS         
---- VAR X15                 .              .             1.0000         EPS         
---- VAR X25                 .             1.0000         1.0000         EPS         
---- VAR X35                 .              .             1.0000         EPS         
---- VAR X45                 .             1.0000         1.0000         EPS         
---- VAR X55                 .              .             1.0000         EPS         
---- VAR X65                 .              .             1.0000         EPS         
---- VAR X75                 .              .             1.0000         EPS         
---- VAR X85                 .              .             1.0000         EPS         
---- VAR X95                 .             1.0000         1.0000         EPS         
---- VAR X105                .              .             1.0000         EPS         
---- VAR X16                 .              .             1.0000         EPS         
---- VAR X26                 .              .             1.0000         EPS         
---- VAR X36                 .              .             1.0000         EPS         
---- VAR X46                 .              .             1.0000         EPS         
---- VAR X56                 .              .             1.0000         EPS         
---- VAR X66                 .              .             1.0000         EPS         
---- VAR X76                 .              .             1.0000         EPS         
---- VAR X86                 .              .             1.0000         EPS         
---- VAR X96                 .              .             1.0000         EPS         
---- VAR X106                .              .             1.0000         EPS         
---- VAR Y1                  .             1.0000         1.0000         1.0000      
---- VAR Y2                  .             1.0000         1.0000         1.0000      
---- VAR Y3                  .              .             1.0000         1.0000      
---- VAR Y4                  .             1.0000         1.0000         1.0000      
---- VAR Y5                  .             1.0000         1.0000         1.0000      
---- VAR Y6                  .              .             1.0000         1.0000      


**** REPORT SUMMARY :        0     NONOPT
                             0 INFEASIBLE
                             0  UNBOUNDED


EXECUTION TIME       =        0.000 SECONDS      2 MB  30.3.0 rc5da09e WEX-WEI


USER: GAMS Demo license for ANTONIO MARIA GUADIX ESCOG200420|0002CO-GEN
      UNIVERSITY OF GRANADA, Spain                             DL007289


**** FILE SUMMARY

Input      C:\aguadix\GITHUB\SOC\2 Mixed integer programming (MIP)\3 BinPacking\BinPackingA\BinPackingA.gms
Output     C:\aguadix\GITHUB\SOC\2 Mixed integer programming (MIP)\3 BinPacking\BinPackingA\BinPackingA.lst
