GAMS 30.3.0  rc5da09e Released Mar  6, 2020 WEX-WEI x86 64bit/MS Windows - 04/22/20 10:13:20 Page 1
G e n e r a l   A l g e b r a i c   M o d e l i n g   S y s t e m
C o m p i l a t i o n


   1  * BinPackingA.gms
   2  * Problema de empaquetamiento
   3  SETS
   4  i        objetos            / O1 * O10 /
   5  j        cajas              / C1 * C6 /;
   6   
   7  PARAMETERS
   8   
   9  w(i)  peso
  10  /O1   1
  11  O2    1
  12  O3    2
  13  O4    2
  14  O5    4
  15  O6    4
  16  O7    5
  17  O8    6
  18  O9    7
  19  O10   8/;
  20   
  21  SCALAR
  22  V capacidad de cada caja  /10/ ;
  23   
  24   
  25   
  26  VARIABLES
  27  N        número de cajas usadas;
  28   
  29  BINARY VARIABLES
  30  x(i,j)     ¿se mete el objeto i en la caja j?
  31  y(j)       ¿se usa la caja j?;
  32   
  33  EQUATIONS
  34  Obj, Asigna(i), Cap(j);
  35   
  36  Obj..        N =E= sum(j,y(j)) ;
  37  Asigna(i)..  sum(j,x(i,j)) =E= 1 ;
  38  Cap(j)..     sum(i,w(i)*x(i,j)) =L= V*y(j);
  39   
  40  MODEL BinPackingA /all/;
  41   
  42  SOLVE BinPackingA using MIP minimizing N;


COMPILATION TIME     =        0.000 SECONDS      3 MB  30.3.0 rc5da09e WEX-WEI
GAMS 30.3.0  rc5da09e Released Mar  6, 2020 WEX-WEI x86 64bit/MS Windows - 04/22/20 10:13:20 Page 2
G e n e r a l   A l g e b r a i c   M o d e l i n g   S y s t e m
Equation Listing    SOLVE BinPackingA Using MIP From line 42


---- Obj  =E=  

Obj..  N - y(C1) - y(C2) - y(C3) - y(C4) - y(C5) - y(C6) =E= 0 ; (LHS = 0)
     

---- Asigna  =E=  

Asigna(O1)..  x(O1,C1) + x(O1,C2) + x(O1,C3) + x(O1,C4) + x(O1,C5) + x(O1,C6) =E= 1 ; (LHS = 0, INFES = 1 ****)
     
Asigna(O2)..  x(O2,C1) + x(O2,C2) + x(O2,C3) + x(O2,C4) + x(O2,C5) + x(O2,C6) =E= 1 ; (LHS = 0, INFES = 1 ****)
     
Asigna(O3)..  x(O3,C1) + x(O3,C2) + x(O3,C3) + x(O3,C4) + x(O3,C5) + x(O3,C6) =E= 1 ; (LHS = 0, INFES = 1 ****)
     
REMAINING 7 ENTRIES SKIPPED


---- Cap  =L=  

Cap(C1)..  x(O1,C1) + x(O2,C1) + 2*x(O3,C1) + 2*x(O4,C1) + 4*x(O5,C1) + 4*x(O6,C1) + 5*x(O7,C1) + 6*x(O8,C1) + 7*x(O9,C1) + 8*x(O10,C1) - 10*y(C1) =L= 0 ; (LHS = 0)
     
Cap(C2)..  x(O1,C2) + x(O2,C2) + 2*x(O3,C2) + 2*x(O4,C2) + 4*x(O5,C2) + 4*x(O6,C2) + 5*x(O7,C2) + 6*x(O8,C2) + 7*x(O9,C2) + 8*x(O10,C2) - 10*y(C2) =L= 0 ; (LHS = 0)
     
Cap(C3)..  x(O1,C3) + x(O2,C3) + 2*x(O3,C3) + 2*x(O4,C3) + 4*x(O5,C3) + 4*x(O6,C3) + 5*x(O7,C3) + 6*x(O8,C3) + 7*x(O9,C3) + 8*x(O10,C3) - 10*y(C3) =L= 0 ; (LHS = 0)
     
REMAINING 3 ENTRIES SKIPPED

GAMS 30.3.0  rc5da09e Released Mar  6, 2020 WEX-WEI x86 64bit/MS Windows - 04/22/20 10:13:20 Page 3
G e n e r a l   A l g e b r a i c   M o d e l i n g   S y s t e m
Column Listing      SOLVE BinPackingA Using MIP From line 42


---- N  número de cajas usadas

N
                (.LO, .L, .UP, .M = -INF, 0, +INF, 0)
        1       Obj


---- x  ¿se mete el objeto i en la caja j?

x(O1,C1)
                (.LO, .L, .UP, .M = 0, 0, 1, 0)
        1       Asigna(O1)
        1       Cap(C1)

x(O1,C2)
                (.LO, .L, .UP, .M = 0, 0, 1, 0)
        1       Asigna(O1)
        1       Cap(C2)

x(O1,C3)
                (.LO, .L, .UP, .M = 0, 0, 1, 0)
        1       Asigna(O1)
        1       Cap(C3)

REMAINING 57 ENTRIES SKIPPED

---- y  ¿se usa la caja j?

y(C1)
                (.LO, .L, .UP, .M = 0, 0, 1, 0)
       -1       Obj
      -10       Cap(C1)

y(C2)
                (.LO, .L, .UP, .M = 0, 0, 1, 0)
       -1       Obj
      -10       Cap(C2)

y(C3)
                (.LO, .L, .UP, .M = 0, 0, 1, 0)
       -1       Obj
      -10       Cap(C3)

REMAINING 3 ENTRIES SKIPPED
GAMS 30.3.0  rc5da09e Released Mar  6, 2020 WEX-WEI x86 64bit/MS Windows - 04/22/20 10:13:20 Page 4
G e n e r a l   A l g e b r a i c   M o d e l i n g   S y s t e m
Model Statistics    SOLVE BinPackingA Using MIP From line 42


MODEL STATISTICS

BLOCKS OF EQUATIONS           3     SINGLE EQUATIONS           17
BLOCKS OF VARIABLES           3     SINGLE VARIABLES           67
NON ZERO ELEMENTS           133     DISCRETE VARIABLES         66


GENERATION TIME      =        0.078 SECONDS      4 MB  30.3.0 rc5da09e WEX-WEI


EXECUTION TIME       =        0.078 SECONDS      4 MB  30.3.0 rc5da09e WEX-WEI
GAMS 30.3.0  rc5da09e Released Mar  6, 2020 WEX-WEI x86 64bit/MS Windows - 04/22/20 10:13:20 Page 5
G e n e r a l   A l g e b r a i c   M o d e l i n g   S y s t e m
Solution Report     SOLVE BinPackingA Using MIP From line 42


               S O L V E      S U M M A R Y

     MODEL   BinPackingA         OBJECTIVE  N
     TYPE    MIP                 DIRECTION  MINIMIZE
     SOLVER  CPLEX               FROM LINE  42

**** SOLVER STATUS     1 Normal Completion         
**** MODEL STATUS      1 Optimal                   
**** OBJECTIVE VALUE                4.0000

 RESOURCE USAGE, LIMIT          0.032      1000.000
 ITERATION COUNT, LIMIT        42    2000000000

IBM ILOG CPLEX   30.3.0 rc5da09e Released Mar 06, 2020 WEI x86 64bit/MS Window
*** This solver runs with a demo license. No commercial use.
Cplex 12.10.0.0

Space for names approximately 0.00 Mb
Use option 'names no' to turn use of names off
MIP status(101): integer optimal solution
Cplex Time: 0.02sec (det. 1.89 ticks)
Fixing integer variables, and solving final LP...
Fixed MIP status(1): optimal
Cplex Time: 0.00sec (det. 0.03 ticks)
Proven optimal solution.

MIP Solution:            4.000000    (42 iterations, 0 nodes)
Final Solve:             4.000000    (0 iterations)

Best possible:           4.000000
Absolute gap:            0.000000
Relative gap:            0.000000


                           LOWER          LEVEL          UPPER         MARGINAL

---- EQU Obj                 .              .              .             1.0000      

---- EQU Asigna  

           LOWER          LEVEL          UPPER         MARGINAL

O1          1.0000         1.0000         1.0000          .          
O2          1.0000         1.0000         1.0000          .          
O3          1.0000         1.0000         1.0000          .          
O4          1.0000         1.0000         1.0000          .          
O5          1.0000         1.0000         1.0000          .          
O6          1.0000         1.0000         1.0000          .          
O7          1.0000         1.0000         1.0000          .          
O8          1.0000         1.0000         1.0000          .          
O9          1.0000         1.0000         1.0000          .          
O10         1.0000         1.0000         1.0000          .          

---- EQU Cap  

          LOWER          LEVEL          UPPER         MARGINAL

C1        -INF             .              .              .          
C2        -INF             .              .              .          
C3        -INF             .              .              .          
C4        -INF             .              .              .          
C5        -INF             .              .              .          
C6        -INF             .              .              .          

                           LOWER          LEVEL          UPPER         MARGINAL

---- VAR N                 -INF            4.0000        +INF             .          

  N  número de cajas usadas

---- VAR x  ¿se mete el objeto i en la caja j?

              LOWER          LEVEL          UPPER         MARGINAL

O1 .C1          .              .             1.0000         EPS         
O1 .C2          .             1.0000         1.0000         EPS         
O1 .C3          .              .             1.0000         EPS         
O1 .C4          .              .             1.0000         EPS         
O1 .C5          .              .             1.0000         EPS         
O1 .C6          .              .             1.0000         EPS         
O2 .C1          .             1.0000         1.0000         EPS         
O2 .C2          .              .             1.0000         EPS         
O2 .C3          .              .             1.0000         EPS         
O2 .C4          .              .             1.0000         EPS         
O2 .C5          .              .             1.0000         EPS         
O2 .C6          .              .             1.0000         EPS         
O3 .C1          .              .             1.0000         EPS         
O3 .C2          .             1.0000         1.0000         EPS         
O3 .C3          .              .             1.0000         EPS         
O3 .C4          .              .             1.0000         EPS         
O3 .C5          .              .             1.0000         EPS         
O3 .C6          .              .             1.0000         EPS         
O4 .C1          .              .             1.0000         EPS         
O4 .C2          .              .             1.0000         EPS         
O4 .C3          .             1.0000         1.0000         EPS         
O4 .C4          .              .             1.0000         EPS         
O4 .C5          .              .             1.0000         EPS         
O4 .C6          .              .             1.0000         EPS         
O5 .C1          .             1.0000         1.0000         EPS         
O5 .C2          .              .             1.0000         EPS         
O5 .C3          .              .             1.0000         EPS         
O5 .C4          .              .             1.0000         EPS         
O5 .C5          .              .             1.0000         EPS         
O5 .C6          .              .             1.0000         EPS         
O6 .C1          .              .             1.0000         EPS         
O6 .C2          .              .             1.0000         EPS         
O6 .C3          .              .             1.0000         EPS         
O6 .C4          .              .             1.0000         EPS         
O6 .C5          .             1.0000         1.0000         EPS         
O6 .C6          .              .             1.0000         EPS         
O7 .C1          .             1.0000         1.0000         EPS         
O7 .C2          .              .             1.0000         EPS         
O7 .C3          .              .             1.0000         EPS         
O7 .C4          .              .             1.0000         EPS         
O7 .C5          .              .             1.0000         EPS         
O7 .C6          .              .             1.0000         EPS         
O8 .C1          .              .             1.0000         EPS         
O8 .C2          .              .             1.0000         EPS         
O8 .C3          .              .             1.0000         EPS         
O8 .C4          .              .             1.0000         EPS         
O8 .C5          .             1.0000         1.0000         EPS         
O8 .C6          .              .             1.0000         EPS         
O9 .C1          .              .             1.0000         EPS         
O9 .C2          .             1.0000         1.0000         EPS         
O9 .C3          .              .             1.0000         EPS         
O9 .C4          .              .             1.0000         EPS         
O9 .C5          .              .             1.0000         EPS         
O9 .C6          .              .             1.0000         EPS         
O10.C1          .              .             1.0000         EPS         
O10.C2          .              .             1.0000         EPS         
O10.C3          .             1.0000         1.0000         EPS         
O10.C4          .              .             1.0000         EPS         
O10.C5          .              .             1.0000         EPS         
O10.C6          .              .             1.0000         EPS         

---- VAR y  ¿se usa la caja j?

          LOWER          LEVEL          UPPER         MARGINAL

C1          .             1.0000         1.0000         1.0000      
C2          .             1.0000         1.0000         1.0000      
C3          .             1.0000         1.0000         1.0000      
C4          .              .             1.0000         1.0000      
C5          .             1.0000         1.0000         1.0000      
C6          .              .             1.0000         1.0000      


**** REPORT SUMMARY :        0     NONOPT
                             0 INFEASIBLE
                             0  UNBOUNDED
                             4  PROJECTED


EXECUTION TIME       =        0.015 SECONDS      2 MB  30.3.0 rc5da09e WEX-WEI


USER: GAMS Demo license for ANTONIO MARIA GUADIX ESCOG200420|0002CO-GEN
      UNIVERSITY OF GRANADA, Spain                             DL007289


**** FILE SUMMARY

Input      C:\aguadix\GITHUB\SOC\2 Mixed integer programming (MIP)\3 BinPacking\BinPackingA\BinPackingA.gms
Output     C:\aguadix\GITHUB\SOC\2 Mixed integer programming (MIP)\3 BinPacking\BinPackingA\BinPackingA.lst
