GAMS 30.3.0  rc5da09e Released Mar  6, 2020 WEX-WEI x86 64bit/MS Windows - 05/01/20 22:22:37 Page 1
G e n e r a l   A l g e b r a i c   M o d e l i n g   S y s t e m
C o m p i l a t i o n


   1  * BinPackingB.gms
   2   
   3  SET
   4  f       'farms'     /A,B,C,D,E,F,G,H,I,J/
   5  t       'trucks'    /T1*T6/;
   6   
   7  PARAMETER
   8  v(f)    'm3'        /A 1, B 1, C 2, D 2, E 4, F 4, G 5, H 6, I 7, J 8/;
   9   
  10  SCALAR
  11  VT      'm3'        /10/ ;
  12   
  13  FREE VARIABLE
  14  Z       'number of trucks used';
  15   
  16  BINARY VARIABLE
  17  x(f,t)  'if farm is collected by truck = 1, else = 0'
  18  y(t)    'if truck is used = 1, else = 0'
  19   
  20  EQUATION
  21  OBJ     'number of trucks used'
  22  RO(f)   '-'
  23  RVT(t)  'm3';
  24   
  25  OBJ..       SUM(t,y(t))        =E= Z;
  26  RO(f)..     SUM(t,x(f,t))      =E= 1;
  27  RVT(t)..    SUM(f,v(f)*x(f,t)) =L= VT*y(t);
  28   
  29  MODEL BinPackingA /all/;
  30   
  31  SOLVE BinPackingA USING MIP MINIMIZING Z;


COMPILATION TIME     =        0.000 SECONDS      3 MB  30.3.0 rc5da09e WEX-WEI
GAMS 30.3.0  rc5da09e Released Mar  6, 2020 WEX-WEI x86 64bit/MS Windows - 05/01/20 22:22:37 Page 2
G e n e r a l   A l g e b r a i c   M o d e l i n g   S y s t e m
Equation Listing    SOLVE BinPackingA Using MIP From line 31


---- OBJ  =E=  number of trucks used

OBJ..  - Z + y(T1) + y(T2) + y(T3) + y(T4) + y(T5) + y(T6) =E= 0 ; (LHS = 0)
     

---- RO  =E=  -

RO(A)..  x(A,T1) + x(A,T2) + x(A,T3) + x(A,T4) + x(A,T5) + x(A,T6) =E= 1 ; (LHS = 0, INFES = 1 ****)
     
RO(B)..  x(B,T1) + x(B,T2) + x(B,T3) + x(B,T4) + x(B,T5) + x(B,T6) =E= 1 ; (LHS = 0, INFES = 1 ****)
     
RO(C)..  x(C,T1) + x(C,T2) + x(C,T3) + x(C,T4) + x(C,T5) + x(C,T6) =E= 1 ; (LHS = 0, INFES = 1 ****)
     
REMAINING 7 ENTRIES SKIPPED


---- RVT  =L=  m3

RVT(T1)..  x(A,T1) + x(B,T1) + 2*x(C,T1) + 2*x(D,T1) + 4*x(E,T1) + 4*x(F,T1) + 5*x(G,T1) + 6*x(H,T1) + 7*x(I,T1) + 8*x(J,T1) - 10*y(T1) =L= 0 ; (LHS = 0)
     
RVT(T2)..  x(A,T2) + x(B,T2) + 2*x(C,T2) + 2*x(D,T2) + 4*x(E,T2) + 4*x(F,T2) + 5*x(G,T2) + 6*x(H,T2) + 7*x(I,T2) + 8*x(J,T2) - 10*y(T2) =L= 0 ; (LHS = 0)
     
RVT(T3)..  x(A,T3) + x(B,T3) + 2*x(C,T3) + 2*x(D,T3) + 4*x(E,T3) + 4*x(F,T3) + 5*x(G,T3) + 6*x(H,T3) + 7*x(I,T3) + 8*x(J,T3) - 10*y(T3) =L= 0 ; (LHS = 0)
     
REMAINING 3 ENTRIES SKIPPED

GAMS 30.3.0  rc5da09e Released Mar  6, 2020 WEX-WEI x86 64bit/MS Windows - 05/01/20 22:22:37 Page 3
G e n e r a l   A l g e b r a i c   M o d e l i n g   S y s t e m
Column Listing      SOLVE BinPackingA Using MIP From line 31


---- Z  number of trucks used

Z
                (.LO, .L, .UP, .M = -INF, 0, +INF, 0)
       -1       OBJ


---- x  if farm is collected by truck = 1, else = 0

x(A,T1)
                (.LO, .L, .UP, .M = 0, 0, 1, 0)
        1       RO(A)
        1       RVT(T1)

x(A,T2)
                (.LO, .L, .UP, .M = 0, 0, 1, 0)
        1       RO(A)
        1       RVT(T2)

x(A,T3)
                (.LO, .L, .UP, .M = 0, 0, 1, 0)
        1       RO(A)
        1       RVT(T3)

REMAINING 57 ENTRIES SKIPPED

---- y  if truck is used = 1, else = 0

y(T1)
                (.LO, .L, .UP, .M = 0, 0, 1, 0)
        1       OBJ
      -10       RVT(T1)

y(T2)
                (.LO, .L, .UP, .M = 0, 0, 1, 0)
        1       OBJ
      -10       RVT(T2)

y(T3)
                (.LO, .L, .UP, .M = 0, 0, 1, 0)
        1       OBJ
      -10       RVT(T3)

REMAINING 3 ENTRIES SKIPPED
GAMS 30.3.0  rc5da09e Released Mar  6, 2020 WEX-WEI x86 64bit/MS Windows - 05/01/20 22:22:37 Page 4
G e n e r a l   A l g e b r a i c   M o d e l i n g   S y s t e m
Model Statistics    SOLVE BinPackingA Using MIP From line 31


MODEL STATISTICS

BLOCKS OF EQUATIONS           3     SINGLE EQUATIONS           17
BLOCKS OF VARIABLES           3     SINGLE VARIABLES           67
NON ZERO ELEMENTS           133     DISCRETE VARIABLES         66


GENERATION TIME      =        0.047 SECONDS      4 MB  30.3.0 rc5da09e WEX-WEI


EXECUTION TIME       =        0.047 SECONDS      4 MB  30.3.0 rc5da09e WEX-WEI
GAMS 30.3.0  rc5da09e Released Mar  6, 2020 WEX-WEI x86 64bit/MS Windows - 05/01/20 22:22:37 Page 5
G e n e r a l   A l g e b r a i c   M o d e l i n g   S y s t e m
Solution Report     SOLVE BinPackingA Using MIP From line 31


               S O L V E      S U M M A R Y

     MODEL   BinPackingA         OBJECTIVE  Z
     TYPE    MIP                 DIRECTION  MINIMIZE
     SOLVER  CPLEX               FROM LINE  31

**** SOLVER STATUS     1 Normal Completion         
**** MODEL STATUS      1 Optimal                   
**** OBJECTIVE VALUE                4.0000

 RESOURCE USAGE, LIMIT          0.016      1000.000
 ITERATION COUNT, LIMIT        42    2000000000

IBM ILOG CPLEX   30.3.0 rc5da09e Released Mar 06, 2020 WEI x86 64bit/MS Window
*** This solver runs with a demo license. No commercial use.
Cplex 12.10.0.0

Space for names approximately 0.00 Mb
Use option 'names no' to turn use of names off
MIP status(101): integer optimal solution
Cplex Time: 0.00sec (det. 1.88 ticks)
Fixing integer variables, and solving final LP...
Fixed MIP status(1): optimal
Cplex Time: 0.00sec (det. 0.03 ticks)
Proven optimal solution.

MIP Solution:            4.000000    (42 iterations, 0 nodes)
Final Solve:             4.000000    (0 iterations)

Best possible:           4.000000
Absolute gap:            0.000000
Relative gap:            0.000000


                           LOWER          LEVEL          UPPER         MARGINAL

---- EQU OBJ                 .              .              .            -1.0000      

  OBJ  number of trucks used

---- EQU RO  -

         LOWER          LEVEL          UPPER         MARGINAL

A         1.0000         1.0000         1.0000          .          
B         1.0000         1.0000         1.0000          .          
C         1.0000         1.0000         1.0000          .          
D         1.0000         1.0000         1.0000          .          
E         1.0000         1.0000         1.0000          .          
F         1.0000         1.0000         1.0000          .          
G         1.0000         1.0000         1.0000          .          
H         1.0000         1.0000         1.0000          .          
I         1.0000         1.0000         1.0000          .          
J         1.0000         1.0000         1.0000          .          

---- EQU RVT  m3

          LOWER          LEVEL          UPPER         MARGINAL

T1        -INF             .              .              .          
T2        -INF             .              .              .          
T3        -INF             .              .              .          
T4        -INF             .              .              .          
T5        -INF             .              .              .          
T6        -INF             .              .              .          

                           LOWER          LEVEL          UPPER         MARGINAL

---- VAR Z                 -INF            4.0000        +INF             .          

  Z  number of trucks used

---- VAR x  if farm is collected by truck = 1, else = 0

            LOWER          LEVEL          UPPER         MARGINAL

A.T1          .              .             1.0000         EPS         
A.T2          .             1.0000         1.0000         EPS         
A.T3          .              .             1.0000         EPS         
A.T4          .              .             1.0000         EPS         
A.T5          .              .             1.0000         EPS         
A.T6          .              .             1.0000         EPS         
B.T1          .             1.0000         1.0000         EPS         
B.T2          .              .             1.0000         EPS         
B.T3          .              .             1.0000         EPS         
B.T4          .              .             1.0000         EPS         
B.T5          .              .             1.0000         EPS         
B.T6          .              .             1.0000         EPS         
C.T1          .              .             1.0000         EPS         
C.T2          .             1.0000         1.0000         EPS         
C.T3          .              .             1.0000         EPS         
C.T4          .              .             1.0000         EPS         
C.T5          .              .             1.0000         EPS         
C.T6          .              .             1.0000         EPS         
D.T1          .              .             1.0000         EPS         
D.T2          .              .             1.0000         EPS         
D.T3          .             1.0000         1.0000         EPS         
D.T4          .              .             1.0000         EPS         
D.T5          .              .             1.0000         EPS         
D.T6          .              .             1.0000         EPS         
E.T1          .             1.0000         1.0000         EPS         
E.T2          .              .             1.0000         EPS         
E.T3          .              .             1.0000         EPS         
E.T4          .              .             1.0000         EPS         
E.T5          .              .             1.0000         EPS         
E.T6          .              .             1.0000         EPS         
F.T1          .              .             1.0000         EPS         
F.T2          .              .             1.0000         EPS         
F.T3          .              .             1.0000         EPS         
F.T4          .              .             1.0000         EPS         
F.T5          .             1.0000         1.0000         EPS         
F.T6          .              .             1.0000         EPS         
G.T1          .             1.0000         1.0000         EPS         
G.T2          .              .             1.0000         EPS         
G.T3          .              .             1.0000         EPS         
G.T4          .              .             1.0000         EPS         
G.T5          .              .             1.0000         EPS         
G.T6          .              .             1.0000         EPS         
H.T1          .              .             1.0000         EPS         
H.T2          .              .             1.0000         EPS         
H.T3          .              .             1.0000         EPS         
H.T4          .              .             1.0000         EPS         
H.T5          .             1.0000         1.0000         EPS         
H.T6          .              .             1.0000         EPS         
I.T1          .              .             1.0000         EPS         
I.T2          .             1.0000         1.0000         EPS         
I.T3          .              .             1.0000         EPS         
I.T4          .              .             1.0000         EPS         
I.T5          .              .             1.0000         EPS         
I.T6          .              .             1.0000         EPS         
J.T1          .              .             1.0000         EPS         
J.T2          .              .             1.0000         EPS         
J.T3          .             1.0000         1.0000         EPS         
J.T4          .              .             1.0000         EPS         
J.T5          .              .             1.0000         EPS         
J.T6          .              .             1.0000         EPS         

---- VAR y  if truck is used = 1, else = 0

          LOWER          LEVEL          UPPER         MARGINAL

T1          .             1.0000         1.0000         1.0000      
T2          .             1.0000         1.0000         1.0000      
T3          .             1.0000         1.0000         1.0000      
T4          .              .             1.0000         1.0000      
T5          .             1.0000         1.0000         1.0000      
T6          .              .             1.0000         1.0000      


**** REPORT SUMMARY :        0     NONOPT
                             0 INFEASIBLE
                             0  UNBOUNDED
                             4  PROJECTED


EXECUTION TIME       =        0.000 SECONDS      2 MB  30.3.0 rc5da09e WEX-WEI


USER: GAMS Demo license for ANTONIO MARIA GUADIX ESCOG200420|0002CO-GEN
      UNIVERSITY OF GRANADA, Spain                             DL007289


**** FILE SUMMARY

Input      C:\aguadix\GITHUB\SOC\2MixedIntegerProgramming\2BinPacking\BinPackingB\BinPackingB.gms
Output     C:\aguadix\GITHUB\SOC\2MixedIntegerProgramming\2BinPacking\BinPackingB\BinPackingB.lst
