GAMS 30.3.0  rc5da09e Released Mar  6, 2020 WEX-WEI x86 64bit/MS Windows - 04/22/20 10:31:07 Page 1
G e n e r a l   A l g e b r a i c   M o d e l i n g   S y s t e m
C o m p i l a t i o n


   1  * TransportA.gms
   2  * Problema del transporte
   3   
   4   
   5  VARIABLES
   6   
   7  Z;
   8   
   9   
  10  POSITIVE VARIABLES
  11   
  12  X11, X12, X13, X14,
  13  X21, X22, X23, X24,
  14  X31, X32, X33, X34;
  15   
  16   
  17  EQUATIONS
  18   
  19  OBJ, O1, O2, O3, D1, D2, D3, D4;
  20   
  21  OBJ..    Z =E=   10*X11 +  2*X12 + 20*X13 + 11*X14 +
  22                   12*X21 +  7*X22 +  9*X23 + 20*X24 +
  23                    4*X31 + 14*X32 + 16*X33 + 18*X34;
  24   
  25  O1..     X11 + X12 + X13 + X14 =E= 15;
  26  O2..     X21 + X22 + X23 + X24 =E= 25;
  27  O3..     X31 + X32 + X33 + X34 =E= 10;
  28   
  29  D1..     X11 + X21 + X31 =E= 5;
  30  D2..     X12 + X22 + X32 =E= 15;
  31  D3..     X13 + X23 + X33 =E= 15;
  32  D4..     X14 + X24 + X34 =E= 15;
  33   
  34   
  35  MODEL TransportA /all/;
  36   
  37   
  38  SOLVE TransportA using LP minimizing Z;


COMPILATION TIME     =        0.015 SECONDS      2 MB  30.3.0 rc5da09e WEX-WEI
GAMS 30.3.0  rc5da09e Released Mar  6, 2020 WEX-WEI x86 64bit/MS Windows - 04/22/20 10:31:07 Page 2
G e n e r a l   A l g e b r a i c   M o d e l i n g   S y s t e m
Equation Listing    SOLVE TransportA Using LP From line 38


---- OBJ  =E=  

OBJ..  Z - 10*X11 - 2*X12 - 20*X13 - 11*X14 - 12*X21 - 7*X22 - 9*X23 - 20*X24 - 4*X31 - 14*X32 - 16*X33 - 18*X34 =E= 0 ; (LHS = 0)
     

---- O1  =E=  

O1..  X11 + X12 + X13 + X14 =E= 15 ; (LHS = 0, INFES = 15 ****)
     

---- O2  =E=  

O2..  X21 + X22 + X23 + X24 =E= 25 ; (LHS = 0, INFES = 25 ****)
     

---- O3  =E=  

O3..  X31 + X32 + X33 + X34 =E= 10 ; (LHS = 0, INFES = 10 ****)
     

---- D1  =E=  

D1..  X11 + X21 + X31 =E= 5 ; (LHS = 0, INFES = 5 ****)
     

---- D2  =E=  

D2..  X12 + X22 + X32 =E= 15 ; (LHS = 0, INFES = 15 ****)
     

---- D3  =E=  

D3..  X13 + X23 + X33 =E= 15 ; (LHS = 0, INFES = 15 ****)
     

---- D4  =E=  

D4..  X14 + X24 + X34 =E= 15 ; (LHS = 0, INFES = 15 ****)
     
GAMS 30.3.0  rc5da09e Released Mar  6, 2020 WEX-WEI x86 64bit/MS Windows - 04/22/20 10:31:07 Page 3
G e n e r a l   A l g e b r a i c   M o d e l i n g   S y s t e m
Column Listing      SOLVE TransportA Using LP From line 38


---- Z  

Z
                (.LO, .L, .UP, .M = -INF, 0, +INF, 0)
        1       OBJ


---- X11  

X11
                (.LO, .L, .UP, .M = 0, 0, +INF, 0)
      -10       OBJ
        1       O1
        1       D1


---- X12  

X12
                (.LO, .L, .UP, .M = 0, 0, +INF, 0)
       -2       OBJ
        1       O1
        1       D2


---- X13  

X13
                (.LO, .L, .UP, .M = 0, 0, +INF, 0)
      -20       OBJ
        1       O1
        1       D3


---- X14  

X14
                (.LO, .L, .UP, .M = 0, 0, +INF, 0)
      -11       OBJ
        1       O1
        1       D4


---- X21  

X21
                (.LO, .L, .UP, .M = 0, 0, +INF, 0)
      -12       OBJ
        1       O2
        1       D1


---- X22  

X22
                (.LO, .L, .UP, .M = 0, 0, +INF, 0)
       -7       OBJ
        1       O2
        1       D2


---- X23  

X23
                (.LO, .L, .UP, .M = 0, 0, +INF, 0)
       -9       OBJ
        1       O2
        1       D3


---- X24  

X24
                (.LO, .L, .UP, .M = 0, 0, +INF, 0)
      -20       OBJ
        1       O2
        1       D4


---- X31  

X31
                (.LO, .L, .UP, .M = 0, 0, +INF, 0)
       -4       OBJ
        1       O3
        1       D1


---- X32  

X32
                (.LO, .L, .UP, .M = 0, 0, +INF, 0)
      -14       OBJ
        1       O3
        1       D2


---- X33  

X33
                (.LO, .L, .UP, .M = 0, 0, +INF, 0)
      -16       OBJ
        1       O3
        1       D3


---- X34  

X34
                (.LO, .L, .UP, .M = 0, 0, +INF, 0)
      -18       OBJ
        1       O3
        1       D4

GAMS 30.3.0  rc5da09e Released Mar  6, 2020 WEX-WEI x86 64bit/MS Windows - 04/22/20 10:31:07 Page 4
G e n e r a l   A l g e b r a i c   M o d e l i n g   S y s t e m
Model Statistics    SOLVE TransportA Using LP From line 38


MODEL STATISTICS

BLOCKS OF EQUATIONS           8     SINGLE EQUATIONS            8
BLOCKS OF VARIABLES          13     SINGLE VARIABLES           13
NON ZERO ELEMENTS            37


GENERATION TIME      =        0.032 SECONDS      3 MB  30.3.0 rc5da09e WEX-WEI


EXECUTION TIME       =        0.032 SECONDS      3 MB  30.3.0 rc5da09e WEX-WEI
GAMS 30.3.0  rc5da09e Released Mar  6, 2020 WEX-WEI x86 64bit/MS Windows - 04/22/20 10:31:07 Page 5
G e n e r a l   A l g e b r a i c   M o d e l i n g   S y s t e m
Solution Report     SOLVE TransportA Using LP From line 38


               S O L V E      S U M M A R Y

     MODEL   TransportA          OBJECTIVE  Z
     TYPE    LP                  DIRECTION  MINIMIZE
     SOLVER  CPLEX               FROM LINE  38

**** SOLVER STATUS     1 Normal Completion         
**** MODEL STATUS      1 Optimal                   
**** OBJECTIVE VALUE              435.0000

 RESOURCE USAGE, LIMIT          0.031      1000.000
 ITERATION COUNT, LIMIT         2    2000000000

IBM ILOG CPLEX   30.3.0 rc5da09e Released Mar 06, 2020 WEI x86 64bit/MS Window
*** This solver runs with a demo license. No commercial use.
Cplex 12.10.0.0

Space for names approximately 0.00 Mb
Use option 'names no' to turn use of names off
LP status(1): optimal
Cplex Time: 0.00sec (det. 0.02 ticks)
Optimal solution found.
Objective :         435.000000


                           LOWER          LEVEL          UPPER         MARGINAL

---- EQU OBJ                 .              .              .             1.0000      
---- EQU O1                15.0000        15.0000        15.0000        -5.0000      
---- EQU O2                25.0000        25.0000        25.0000          .          
---- EQU O3                10.0000        10.0000        10.0000         2.0000      
---- EQU D1                 5.0000         5.0000         5.0000         2.0000      
---- EQU D2                15.0000        15.0000        15.0000         7.0000      
---- EQU D3                15.0000        15.0000        15.0000         9.0000      
---- EQU D4                15.0000        15.0000        15.0000        16.0000      

                           LOWER          LEVEL          UPPER         MARGINAL

---- VAR Z                 -INF          435.0000        +INF             .          
---- VAR X11                 .              .            +INF           13.0000      
---- VAR X12                 .             5.0000        +INF             .          
---- VAR X13                 .              .            +INF           16.0000      
---- VAR X14                 .            10.0000        +INF             .          
---- VAR X21                 .              .            +INF           10.0000      
---- VAR X22                 .            10.0000        +INF             .          
---- VAR X23                 .            15.0000        +INF             .          
---- VAR X24                 .              .            +INF            4.0000      
---- VAR X31                 .             5.0000        +INF             .          
---- VAR X32                 .              .            +INF            5.0000      
---- VAR X33                 .              .            +INF            5.0000      
---- VAR X34                 .             5.0000        +INF             .          


**** REPORT SUMMARY :        0     NONOPT
                             0 INFEASIBLE
                             0  UNBOUNDED


EXECUTION TIME       =        0.000 SECONDS      2 MB  30.3.0 rc5da09e WEX-WEI


USER: GAMS Demo license for ANTONIO MARIA GUADIX ESCOG200420|0002CO-GEN
      UNIVERSITY OF GRANADA, Spain                             DL007289


**** FILE SUMMARY

Input      C:\aguadix\GITHUB\SOC\1 Linear programming (LP)\2 Transport\TransportA\TransportA.gms
Output     C:\aguadix\GITHUB\SOC\1 Linear programming (LP)\2 Transport\TransportA\TransportA.lst
