GAMS 30.3.0  rc5da09e Released Mar  6, 2020 WEX-WEI x86 64bit/MS Windows - 04/22/20 12:36:24 Page 1
G e n e r a l   A l g e b r a i c   M o d e l i n g   S y s t e m
C o m p i l a t i o n


   1  * SetCoverA.gms
   2  * Problema de la cobertura
   3   
   4   
   5  VARIABLES
   6   
   7  Z;
   8   
   9   
  10  BINARY VARIABLES
  11   
  12  X1, X2, X3, X4, X5, X6;
  13   
  14   
  15  EQUATIONS
  16   
  17  OBJ, A12, A14, A23, A24, A25, A35, A36, A45;
  18   
  19  OBJ..    Z =E= 6*X1 + 5*X2 + 4*X3 + 3*X4 + 2*X5 + 1*X6;
  20   
  21  A12..    X1 + X2                        =G= 1;
  22  A14..    X1           + X4              =G= 1;
  23  A23..         X2 + X3                   =G= 1;
  24  A24..         X2      + X4              =G= 1;
  25  A25..         X2           + X5         =G= 1;
  26  A35..              X3      + X5         =G= 1;
  27  A36..              X3           + X6    =G= 1;
  28  A45..                   X4 + X5         =G= 1;
  29   
  30   
  31  MODEL SetCoverA /all/;
  32   
  33   
  34  SOLVE SetCoverA using MIP minimizing Z;


COMPILATION TIME     =        0.000 SECONDS      2 MB  30.3.0 rc5da09e WEX-WEI
GAMS 30.3.0  rc5da09e Released Mar  6, 2020 WEX-WEI x86 64bit/MS Windows - 04/22/20 12:36:24 Page 2
G e n e r a l   A l g e b r a i c   M o d e l i n g   S y s t e m
Equation Listing    SOLVE SetCoverA Using MIP From line 34


---- OBJ  =E=  

OBJ..  Z - 6*X1 - 5*X2 - 4*X3 - 3*X4 - 2*X5 - X6 =E= 0 ; (LHS = 0)
     

---- A12  =G=  

A12..  X1 + X2 =G= 1 ; (LHS = 0, INFES = 1 ****)
     

---- A14  =G=  

A14..  X1 + X4 =G= 1 ; (LHS = 0, INFES = 1 ****)
     

---- A23  =G=  

A23..  X2 + X3 =G= 1 ; (LHS = 0, INFES = 1 ****)
     

---- A24  =G=  

A24..  X2 + X4 =G= 1 ; (LHS = 0, INFES = 1 ****)
     

---- A25  =G=  

A25..  X2 + X5 =G= 1 ; (LHS = 0, INFES = 1 ****)
     

---- A35  =G=  

A35..  X3 + X5 =G= 1 ; (LHS = 0, INFES = 1 ****)
     

---- A36  =G=  

A36..  X3 + X6 =G= 1 ; (LHS = 0, INFES = 1 ****)
     

---- A45  =G=  

A45..  X4 + X5 =G= 1 ; (LHS = 0, INFES = 1 ****)
     
GAMS 30.3.0  rc5da09e Released Mar  6, 2020 WEX-WEI x86 64bit/MS Windows - 04/22/20 12:36:24 Page 3
G e n e r a l   A l g e b r a i c   M o d e l i n g   S y s t e m
Column Listing      SOLVE SetCoverA Using MIP From line 34


---- Z  

Z
                (.LO, .L, .UP, .M = -INF, 0, +INF, 0)
        1       OBJ


---- X1  

X1
                (.LO, .L, .UP, .M = 0, 0, 1, 0)
       -6       OBJ
        1       A12
        1       A14


---- X2  

X2
                (.LO, .L, .UP, .M = 0, 0, 1, 0)
       -5       OBJ
        1       A12
        1       A23
        1       A24
        1       A25


---- X3  

X3
                (.LO, .L, .UP, .M = 0, 0, 1, 0)
       -4       OBJ
        1       A23
        1       A35
        1       A36


---- X4  

X4
                (.LO, .L, .UP, .M = 0, 0, 1, 0)
       -3       OBJ
        1       A14
        1       A24
        1       A45


---- X5  

X5
                (.LO, .L, .UP, .M = 0, 0, 1, 0)
       -2       OBJ
        1       A25
        1       A35
        1       A45


---- X6  

X6
                (.LO, .L, .UP, .M = 0, 0, 1, 0)
       -1       OBJ
        1       A36

GAMS 30.3.0  rc5da09e Released Mar  6, 2020 WEX-WEI x86 64bit/MS Windows - 04/22/20 12:36:24 Page 4
G e n e r a l   A l g e b r a i c   M o d e l i n g   S y s t e m
Model Statistics    SOLVE SetCoverA Using MIP From line 34


MODEL STATISTICS

BLOCKS OF EQUATIONS           9     SINGLE EQUATIONS            9
BLOCKS OF VARIABLES           7     SINGLE VARIABLES            7
NON ZERO ELEMENTS            23     DISCRETE VARIABLES          6


GENERATION TIME      =        0.015 SECONDS      3 MB  30.3.0 rc5da09e WEX-WEI


EXECUTION TIME       =        0.015 SECONDS      3 MB  30.3.0 rc5da09e WEX-WEI
GAMS 30.3.0  rc5da09e Released Mar  6, 2020 WEX-WEI x86 64bit/MS Windows - 04/22/20 12:36:24 Page 5
G e n e r a l   A l g e b r a i c   M o d e l i n g   S y s t e m
Solution Report     SOLVE SetCoverA Using MIP From line 34


               S O L V E      S U M M A R Y

     MODEL   SetCoverA           OBJECTIVE  Z
     TYPE    MIP                 DIRECTION  MINIMIZE
     SOLVER  CPLEX               FROM LINE  34

**** SOLVER STATUS     1 Normal Completion         
**** MODEL STATUS      1 Optimal                   
**** OBJECTIVE VALUE               11.0000

 RESOURCE USAGE, LIMIT          0.016      1000.000
 ITERATION COUNT, LIMIT         3    2000000000

IBM ILOG CPLEX   30.3.0 rc5da09e Released Mar 06, 2020 WEI x86 64bit/MS Window
*** This solver runs with a demo license. No commercial use.
Cplex 12.10.0.0

Space for names approximately 0.00 Mb
Use option 'names no' to turn use of names off
MIP status(101): integer optimal solution
Cplex Time: 0.00sec (det. 0.04 ticks)
Fixing integer variables, and solving final LP...
Fixed MIP status(1): optimal
Cplex Time: 0.00sec (det. 0.01 ticks)
Proven optimal solution.

MIP Solution:           11.000000    (3 iterations, 0 nodes)
Final Solve:            11.000000    (0 iterations)

Best possible:          11.000000
Absolute gap:            0.000000
Relative gap:            0.000000


                           LOWER          LEVEL          UPPER         MARGINAL

---- EQU OBJ                 .              .              .             1.0000      
---- EQU A12                1.0000         1.0000        +INF             .          
---- EQU A14                1.0000         1.0000        +INF             .          
---- EQU A23                1.0000         1.0000        +INF             .          
---- EQU A24                1.0000         2.0000        +INF             .          
---- EQU A25                1.0000         2.0000        +INF             .          
---- EQU A35                1.0000         1.0000        +INF             .          
---- EQU A36                1.0000         1.0000        +INF             .          
---- EQU A45                1.0000         2.0000        +INF             .          

                           LOWER          LEVEL          UPPER         MARGINAL

---- VAR Z                 -INF           11.0000        +INF             .          
---- VAR X1                  .              .             1.0000         6.0000      
---- VAR X2                  .             1.0000         1.0000         5.0000      
---- VAR X3                  .              .             1.0000         4.0000      
---- VAR X4                  .             1.0000         1.0000         3.0000      
---- VAR X5                  .             1.0000         1.0000         2.0000      
---- VAR X6                  .             1.0000         1.0000         1.0000      


**** REPORT SUMMARY :        0     NONOPT
                             0 INFEASIBLE
                             0  UNBOUNDED


EXECUTION TIME       =        0.000 SECONDS      2 MB  30.3.0 rc5da09e WEX-WEI


USER: GAMS Demo license for ANTONIO MARIA GUADIX ESCOG200420|0002CO-GEN
      UNIVERSITY OF GRANADA, Spain                             DL007289


**** FILE SUMMARY

Input      C:\aguadix\GITHUB\SOC\2 Mixed integer programming (MIP)\4 SetCover\SetCoverA\SetCoverA.gms
Output     C:\aguadix\GITHUB\SOC\2 Mixed integer programming (MIP)\4 SetCover\SetCoverA\SetCoverA.lst
