GAMS 30.3.0  rc5da09e Released Mar  6, 2020 WEX-WEI x86 64bit/MS Windows - 05/02/20 11:08:08 Page 1
G e n e r a l   A l g e b r a i c   M o d e l i n g   S y s t e m
C o m p i l a t i o n


   1  * KnapsackB.gms
   2   
   3  SET
   4  f       'ferment'   /F1*F10/;
   5   
   6  PARAMETER
   7  b(f)    '$/batch'     /F1 23, F2 79, F3 35, F4 54, F5 13, F6 83, F7 86, F8 57, F9 28, F10 11/
   8  m(f)    'ton/batch'   /F1 72, F2 99, F3 68, F4 22, F5 44, F6 72, F7 34, F8 57, F9 35, F10 51/
   9  xup(f)  'batch/week'  /F1  4, F2  5, F3  4, F4  2, F5  3, F6  2, F7  2, F8  2, F9  1, F10  5/;
  10   
  11  SCALAR
  12  MT      'ton/week'   /250/;
  13   
  14  FREE VARIABLE
  15  Z       '$/week';
  16   
  17  INTEGER VARIABLE
  18  *BINARY VARIABLES
  19  x(f)    'batch/week';
  20  x.up(f) = xup(f);
  21   
  22  EQUATION
  23  OBJ '$/week', RMT 'ton/week';
  24  OBJ..   SUM(f,b(f)*x(f)) =E= Z;
  25  RMT..   SUM(f,m(f)*x(f)) =L= MT;
  26   
  27  MODEL KnapsackB /all/;
  28   
  29  SOLVE KnapsackB USING MIP MAXIMIZING Z;


COMPILATION TIME     =        0.000 SECONDS      3 MB  30.3.0 rc5da09e WEX-WEI
GAMS 30.3.0  rc5da09e Released Mar  6, 2020 WEX-WEI x86 64bit/MS Windows - 05/02/20 11:08:08 Page 2
G e n e r a l   A l g e b r a i c   M o d e l i n g   S y s t e m
Equation Listing    SOLVE KnapsackB Using MIP From line 29


---- OBJ  =E=  $/week

OBJ..  - Z + 23*x(F1) + 79*x(F2) + 35*x(F3) + 54*x(F4) + 13*x(F5) + 83*x(F6) + 86*x(F7) + 57*x(F8) + 28*x(F9) + 11*x(F10) =E= 0 ; (LHS = 0)
     

---- RMT  =L=  ton/week

RMT..  72*x(F1) + 99*x(F2) + 68*x(F3) + 22*x(F4) + 44*x(F5) + 72*x(F6) + 34*x(F7) + 57*x(F8) + 35*x(F9) + 51*x(F10) =L= 250 ; (LHS = 0)
     
GAMS 30.3.0  rc5da09e Released Mar  6, 2020 WEX-WEI x86 64bit/MS Windows - 05/02/20 11:08:08 Page 3
G e n e r a l   A l g e b r a i c   M o d e l i n g   S y s t e m
Column Listing      SOLVE KnapsackB Using MIP From line 29


---- Z  $/week

Z
                (.LO, .L, .UP, .M = -INF, 0, +INF, 0)
       -1       OBJ


---- x  batch/week

x(F1)
                (.LO, .L, .UP, .M = 0, 0, 4, 0)
       23       OBJ
       72       RMT

x(F2)
                (.LO, .L, .UP, .M = 0, 0, 5, 0)
       79       OBJ
       99       RMT

x(F3)
                (.LO, .L, .UP, .M = 0, 0, 4, 0)
       35       OBJ
       68       RMT

REMAINING 7 ENTRIES SKIPPED
GAMS 30.3.0  rc5da09e Released Mar  6, 2020 WEX-WEI x86 64bit/MS Windows - 05/02/20 11:08:08 Page 4
G e n e r a l   A l g e b r a i c   M o d e l i n g   S y s t e m
Model Statistics    SOLVE KnapsackB Using MIP From line 29


MODEL STATISTICS

BLOCKS OF EQUATIONS           2     SINGLE EQUATIONS            2
BLOCKS OF VARIABLES           2     SINGLE VARIABLES           11
NON ZERO ELEMENTS            21     DISCRETE VARIABLES         10


GENERATION TIME      =        0.032 SECONDS      4 MB  30.3.0 rc5da09e WEX-WEI


EXECUTION TIME       =        0.032 SECONDS      4 MB  30.3.0 rc5da09e WEX-WEI
GAMS 30.3.0  rc5da09e Released Mar  6, 2020 WEX-WEI x86 64bit/MS Windows - 05/02/20 11:08:08 Page 5
G e n e r a l   A l g e b r a i c   M o d e l i n g   S y s t e m
Solution Report     SOLVE KnapsackB Using MIP From line 29


               S O L V E      S U M M A R Y

     MODEL   KnapsackB           OBJECTIVE  Z
     TYPE    MIP                 DIRECTION  MAXIMIZE
     SOLVER  CPLEX               FROM LINE  29

**** SOLVER STATUS     1 Normal Completion         
**** MODEL STATUS      8 Integer Solution          
**** OBJECTIVE VALUE              420.0000

 RESOURCE USAGE, LIMIT          0.016      1000.000
 ITERATION COUNT, LIMIT         1    2000000000

IBM ILOG CPLEX   30.3.0 rc5da09e Released Mar 06, 2020 WEI x86 64bit/MS Window
*** This solver runs with a demo license. No commercial use.
Cplex 12.10.0.0

Space for names approximately 0.00 Mb
Use option 'names no' to turn use of names off
MIP status(102): integer optimal, tolerance
Cplex Time: 0.02sec (det. 0.04 ticks)
Fixing integer variables, and solving final LP...
Fixed MIP status(1): optimal
Cplex Time: 0.00sec (det. 0.00 ticks)
Solution satisfies tolerances.

MIP Solution:          420.000000    (1 iterations, 0 nodes)
Final Solve:           420.000000    (0 iterations)

Best possible:         439.083333
Absolute gap:           19.083333
Relative gap:            0.043462


                           LOWER          LEVEL          UPPER         MARGINAL

---- EQU OBJ                 .              .              .            -1.0000      
---- EQU RMT               -INF          241.0000       250.0000          .          

  OBJ  $/week
  RMT  ton/week

                           LOWER          LEVEL          UPPER         MARGINAL

---- VAR Z                 -INF          420.0000        +INF             .          

  Z  $/week

---- VAR x  batch/week

           LOWER          LEVEL          UPPER         MARGINAL

F1           .              .             4.0000        23.0000      
F2           .              .             5.0000        79.0000      
F3           .              .             4.0000        35.0000      
F4           .             2.0000         2.0000        54.0000      
F5           .              .             3.0000        13.0000      
F6           .             1.0000         2.0000        83.0000      
F7           .             2.0000         2.0000        86.0000      
F8           .             1.0000         2.0000        57.0000      
F9           .              .             1.0000        28.0000      
F10          .              .             5.0000        11.0000      


**** REPORT SUMMARY :        0     NONOPT
                             0 INFEASIBLE
                             0  UNBOUNDED


EXECUTION TIME       =        0.000 SECONDS      2 MB  30.3.0 rc5da09e WEX-WEI


USER: GAMS Demo license for ANTONIO MARIA GUADIX ESCOG200420|0002CO-GEN
      UNIVERSITY OF GRANADA, Spain                             DL007289


**** FILE SUMMARY

Input      C:\aguadix\GITHUB\SOC\2MixedIntegerProgramming\1Knapsack\KnapsackB\KnapsackB.gms
Output     C:\aguadix\GITHUB\SOC\2MixedIntegerProgramming\1Knapsack\KnapsackB\KnapsackB.lst
