GAMS 30.3.0  rc5da09e Released Mar  6, 2020 WEX-WEI x86 64bit/MS Windows - 05/10/20 17:22:52 Page 1
G e n e r a l   A l g e b r a i c   M o d e l i n g   S y s t e m
C o m p i l a t i o n


   1  * CatenaryA.gms
   2   
   3  FREE VARIABLE
   4  x0, y0
   5  x1,y1,
   6  x2,y2,
   7  x3,y3,
   8  x4,y4,
   9  x5,y5,
  10  x6,y6,
  11  x7,y7,
  12  x8,y8,
  13  x9,y9,
  14  x10,y10,
  15  Z;
  16   
  17  * Fixed values
  18   x0.fx =  0 ;  y0.fx = 10;
  19  x10.fx = 10 ; y10.fx = 10;
  20   
  21  * Starting guess
  22  x1.l = 1; y1.l = 10;
  23  x2.l = 2; y2.l = 10;
  24  x3.l = 3; y3.l = 10;
  25  x4.l = 4; y4.l = 10;
  26  x5.l = 5; y5.l = 10;
  27  x6.l = 6; y6.l = 10;
  28  x7.l = 7; y7.l = 10;
  29  x8.l = 8; y8.l = 10;
  30  x9.l = 9; y9.l = 10;
  31   
  32  EQUATION
  33  d01, d12, d23, d34, d45, d56, d67, d78, d89, d910, obj;
  34   
  35  d01..  sqrt(sqr(x0-x1)  + sqr(y0-y1))    =L= 2;
  36  d12..  sqrt(sqr(x1-x2)  + sqr(y1-y2))    =L= 2;
  37  d23..  sqrt(sqr(x2-x3)  + sqr(y2-y3))    =L= 2;
  38  d34..  sqrt(sqr(x3-x4)  + sqr(y3-y4))    =L= 2;
  39  d45..  sqrt(sqr(x4-x5)  + sqr(y4-y5))    =L= 2;
  40  d56..  sqrt(sqr(x5-x6)  + sqr(y5-y6))    =L= 2;
  41  d67..  sqrt(sqr(x6-x7)  + sqr(y6-y7))    =L= 2;
  42  d78..  sqrt(sqr(x7-x8)  + sqr(y7-y8))    =L= 2;
  43  d89..  sqrt(sqr(x8-x9)  + sqr(y8-y9))    =L= 2;
  44  d910.. sqrt(sqr(x9-x10) + sqr(y9-y10))   =L= 2;
  45   
  46  obj..  y0+y1+y2+y3+y4+y5+y6+y7+y8+y9+y10 =E= Z;
  47   
  48  MODEL CatenaryA /all/;
  49   
  50  SOLVE CatenaryA USING NLP MINIMIZING Z;


COMPILATION TIME     =        0.000 SECONDS      2 MB  30.3.0 rc5da09e WEX-WEI
GAMS 30.3.0  rc5da09e Released Mar  6, 2020 WEX-WEI x86 64bit/MS Windows - 05/10/20 17:22:52 Page 2
G e n e r a l   A l g e b r a i c   M o d e l i n g   S y s t e m
Equation Listing    SOLVE CatenaryA Using NLP From line 50


---- d01  =L=  

d01..  - (1)*x0 + (0)*y0 + (1)*x1 + (0)*y1 =L= 2 ; (LHS = 1)
     

---- d12  =L=  

d12..  - (1)*x1 + (0)*y1 + (1)*x2 + (0)*y2 =L= 2 ; (LHS = 1)
     

---- d23  =L=  

d23..  - (1)*x2 + (0)*y2 + (1)*x3 + (0)*y3 =L= 2 ; (LHS = 1)
     

---- d34  =L=  

d34..  - (1)*x3 + (0)*y3 + (1)*x4 + (0)*y4 =L= 2 ; (LHS = 1)
     

---- d45  =L=  

d45..  - (1)*x4 + (0)*y4 + (1)*x5 + (0)*y5 =L= 2 ; (LHS = 1)
     

---- d56  =L=  

d56..  - (1)*x5 + (0)*y5 + (1)*x6 + (0)*y6 =L= 2 ; (LHS = 1)
     

---- d67  =L=  

d67..  - (1)*x6 + (0)*y6 + (1)*x7 + (0)*y7 =L= 2 ; (LHS = 1)
     

---- d78  =L=  

d78..  - (1)*x7 + (0)*y7 + (1)*x8 + (0)*y8 =L= 2 ; (LHS = 1)
     

---- d89  =L=  

d89..  - (1)*x8 + (0)*y8 + (1)*x9 + (0)*y9 =L= 2 ; (LHS = 1)
     

---- d910  =L=  

d910..  - (1)*x9 + (0)*y9 + (1)*x10 + (0)*y10 =L= 2 ; (LHS = 1)
     

---- obj  =E=  

obj..  y0 + y1 + y2 + y3 + y4 + y5 + y6 + y7 + y8 + y9 + y10 - Z =E= 0 ; (LHS = 110, INFES = 110 ****)
     
GAMS 30.3.0  rc5da09e Released Mar  6, 2020 WEX-WEI x86 64bit/MS Windows - 05/10/20 17:22:52 Page 3
G e n e r a l   A l g e b r a i c   M o d e l i n g   S y s t e m
Column Listing      SOLVE CatenaryA Using NLP From line 50


---- x0  

x0
                (.LO, .L, .UP, .M = 0, 0, 0, 0)
      (-1)      d01


---- y0  

y0
                (.LO, .L, .UP, .M = 10, 10, 10, 0)
       (0)      d01
        1       obj


---- x1  

x1
                (.LO, .L, .UP, .M = -INF, 1, +INF, 0)
       (1)      d01
      (-1)      d12


---- y1  

y1
                (.LO, .L, .UP, .M = -INF, 10, +INF, 0)
       (0)      d01
       (0)      d12
        1       obj


---- x2  

x2
                (.LO, .L, .UP, .M = -INF, 2, +INF, 0)
       (1)      d12
      (-1)      d23


---- y2  

y2
                (.LO, .L, .UP, .M = -INF, 10, +INF, 0)
       (0)      d12
       (0)      d23
        1       obj


---- x3  

x3
                (.LO, .L, .UP, .M = -INF, 3, +INF, 0)
       (1)      d23
      (-1)      d34


---- y3  

y3
                (.LO, .L, .UP, .M = -INF, 10, +INF, 0)
       (0)      d23
       (0)      d34
        1       obj


---- x4  

x4
                (.LO, .L, .UP, .M = -INF, 4, +INF, 0)
       (1)      d34
      (-1)      d45


---- y4  

y4
                (.LO, .L, .UP, .M = -INF, 10, +INF, 0)
       (0)      d34
       (0)      d45
        1       obj


---- x5  

x5
                (.LO, .L, .UP, .M = -INF, 5, +INF, 0)
       (1)      d45
      (-1)      d56


---- y5  

y5
                (.LO, .L, .UP, .M = -INF, 10, +INF, 0)
       (0)      d45
       (0)      d56
        1       obj


---- x6  

x6
                (.LO, .L, .UP, .M = -INF, 6, +INF, 0)
       (1)      d56
      (-1)      d67


---- y6  

y6
                (.LO, .L, .UP, .M = -INF, 10, +INF, 0)
       (0)      d56
       (0)      d67
        1       obj


---- x7  

x7
                (.LO, .L, .UP, .M = -INF, 7, +INF, 0)
       (1)      d67
      (-1)      d78


---- y7  

y7
                (.LO, .L, .UP, .M = -INF, 10, +INF, 0)
       (0)      d67
       (0)      d78
        1       obj


---- x8  

x8
                (.LO, .L, .UP, .M = -INF, 8, +INF, 0)
       (1)      d78
      (-1)      d89


---- y8  

y8
                (.LO, .L, .UP, .M = -INF, 10, +INF, 0)
       (0)      d78
       (0)      d89
        1       obj


---- x9  

x9
                (.LO, .L, .UP, .M = -INF, 9, +INF, 0)
       (1)      d89
      (-1)      d910


---- y9  

y9
                (.LO, .L, .UP, .M = -INF, 10, +INF, 0)
       (0)      d89
       (0)      d910
        1       obj


---- x10  

x10
                (.LO, .L, .UP, .M = 10, 10, 10, 0)
       (1)      d910


---- y10  

y10
                (.LO, .L, .UP, .M = 10, 10, 10, 0)
       (0)      d910
        1       obj


---- Z  

Z
                (.LO, .L, .UP, .M = -INF, 0, +INF, 0)
       -1       obj

GAMS 30.3.0  rc5da09e Released Mar  6, 2020 WEX-WEI x86 64bit/MS Windows - 05/10/20 17:22:52 Page 4
G e n e r a l   A l g e b r a i c   M o d e l i n g   S y s t e m
Model Statistics    SOLVE CatenaryA Using NLP From line 50


MODEL STATISTICS

BLOCKS OF EQUATIONS          11     SINGLE EQUATIONS           11
BLOCKS OF VARIABLES          23     SINGLE VARIABLES           23
NON ZERO ELEMENTS            52     NON LINEAR N-Z             40
DERIVATIVE POOL              20     CONSTANT POOL              16
CODE LENGTH                 100


GENERATION TIME      =        0.032 SECONDS      3 MB  30.3.0 rc5da09e WEX-WEI


EXECUTION TIME       =        0.032 SECONDS      3 MB  30.3.0 rc5da09e WEX-WEI
GAMS 30.3.0  rc5da09e Released Mar  6, 2020 WEX-WEI x86 64bit/MS Windows - 05/10/20 17:22:52 Page 5
G e n e r a l   A l g e b r a i c   M o d e l i n g   S y s t e m
Solution Report     SOLVE CatenaryA Using NLP From line 50


               S O L V E      S U M M A R Y

     MODEL   CatenaryA           OBJECTIVE  Z
     TYPE    NLP                 DIRECTION  MINIMIZE
     SOLVER  CONOPT              FROM LINE  50

**** SOLVER STATUS     1 Normal Completion         
**** MODEL STATUS      2 Locally Optimal           
**** OBJECTIVE VALUE               64.6015

 RESOURCE USAGE, LIMIT          0.015      1000.000
 ITERATION COUNT, LIMIT        44    2000000000
 EVALUATION ERRORS              0             0
CONOPT 3         30.3.0 rc5da09e Released Mar 06, 2020 WEI x86 64bit/MS Window
*** This solver runs with a demo license. No commercial use.
 
 
    C O N O P T 3   version 3.17K
    Copyright (C)   ARKI Consulting and Development A/S
                    Bagsvaerdvej 246 A
                    DK-2880 Bagsvaerd, Denmark
 
 
    The model has 23 variables and 11 constraints
    with 52 Jacobian elements, 40 of which are nonlinear.
    The Hessian of the Lagrangian has 22 elements on the diagonal,
    51 elements below the diagonal, and 22 nonlinear variables.
 
 ** Warning **  The number of nonlinear derivatives equal to zero
                in the initial point is large (= 38 percent).
                A better initial point will probably help the
                optimization.
 
 
                   Pre-triangular equations:   0
                   Post-triangular equations:  1
 
 
 ** Optimal solution. Reduced gradient less than tolerance.
 
 
 CONOPT time Total                            0.015 seconds
   of which: Function evaluations             0.005 = 33.3%
             1st Derivative evaluations       0.002 = 13.3%
             2nd Derivative evaluations       0.000 =  0.0%
             Directional 2nd Derivative       0.001 =  6.7%
 

                           LOWER          LEVEL          UPPER         MARGINAL

---- EQU d01               -INF            2.0000         2.0000        -4.6440      
---- EQU d12               -INF            2.0000         2.0000        -3.6833      
---- EQU d23               -INF            2.0000         2.0000        -2.7507      
---- EQU d34               -INF            2.0000         2.0000        -1.8885      
---- EQU d45               -INF            2.0000         2.0000        -1.2516      
---- EQU d56               -INF            2.0000         2.0000        -1.2516      
---- EQU d67               -INF            2.0000         2.0000        -1.8885      
---- EQU d78               -INF            2.0000         2.0000        -2.7507      
---- EQU d89               -INF            2.0000         2.0000        -3.6833      
---- EQU d910              -INF            2.0000         2.0000        -4.6440      
---- EQU obj                 .              .              .            -1.0000      

                           LOWER          LEVEL          UPPER         MARGINAL

---- VAR x0                  .              .              .            -1.1474      
---- VAR y0                10.0000        10.0000        10.0000         5.5000      
---- VAR x1                -INF            0.4941        +INF      -5.489461E-9      
---- VAR y1                -INF            8.0620        +INF             .          
---- VAR x2                -INF            1.1172        +INF      1.1198149E-8      
---- VAR y2                -INF            6.1615        +INF             .          
---- VAR x3                -INF            1.9514        +INF      -1.759424E-8      
---- VAR y3                -INF            4.3438        +INF             .          
---- VAR x4                -INF            3.1665        +INF             .          
---- VAR y4                -INF            2.7553        +INF      -2.418196E-8      
---- VAR x5                -INF            5.0000        +INF             .          
---- VAR y5                -INF            1.9563        +INF      -2.291858E-8      
---- VAR x6                -INF            6.8335        +INF             .          
---- VAR y6                -INF            2.7553        +INF      -3.279457E-8      
---- VAR x7                -INF            8.0486        +INF             .          
---- VAR y7                -INF            4.3438        +INF             .          
---- VAR x8                -INF            8.8828        +INF      1.0989071E-8      
---- VAR y8                -INF            6.1615        +INF             .          
---- VAR x9                -INF            9.5059        +INF      1.1177488E-8      
---- VAR y9                -INF            8.0620        +INF             .          
---- VAR x10               10.0000        10.0000        10.0000         1.1474      
---- VAR y10               10.0000        10.0000        10.0000         5.5000      
---- VAR Z                 -INF           64.6015        +INF             .          


**** REPORT SUMMARY :        0     NONOPT
                             0 INFEASIBLE
                             0  UNBOUNDED
                             0     ERRORS


EXECUTION TIME       =        0.000 SECONDS      2 MB  30.3.0 rc5da09e WEX-WEI


USER: GAMS Demo license for ANTONIO MARIA GUADIX ESCOG200420|0002CO-GEN
      UNIVERSITY OF GRANADA, Spain                             DL007289


**** FILE SUMMARY

Input      C:\aguadix\GITHUB\SOC\3NonLinearProgramming\5Catenary\CatenaryA\CatenaryA.gms
Output     C:\aguadix\GITHUB\SOC\3NonLinearProgramming\5Catenary\CatenaryA\CatenaryA.lst
