GAMS 30.3.0  rc5da09e Released Mar  6, 2020 WEX-WEI x86 64bit/MS Windows - 05/10/20 17:33:20 Page 1
G e n e r a l   A l g e b r a i c   M o d e l i n g   S y s t e m
C o m p i l a t i o n


   1  * CatenaryA.gms
   2   
   3  SCALAR
   4  L 'length' /20/,
   5  P 'points' /11/;
   6   
   7  FREE VARIABLE
   8  x0, y0
   9  x1,y1,
  10  x2,y2,
  11  x3,y3,
  12  x4,y4,
  13  x5,y5,
  14  x6,y6,
  15  x7,y7,
  16  x8,y8,
  17  x9,y9,
  18  x10,y10,
  19  LS,
  20  Z;
  21   
  22  * Fixed values
  23   x0.fx =  0 ;  y0.fx = 10;
  24  x10.fx = 10 ; y10.fx = 10;
  25   
  26  * Starting guess
  27  x1.l = 1; y1.l = 10;
  28  x2.l = 2; y2.l = 10;
  29  x3.l = 3; y3.l = 10;
  30  x4.l = 4; y4.l = 10;
  31  x5.l = 5; y5.l = 10;
  32  x6.l = 6; y6.l = 10;
  33  x7.l = 7; y7.l = 10;
  34  x8.l = 8; y8.l = 10;
  35  x9.l = 9; y9.l = 10;
  36   
  37  EQUATION
  38  calLS, d01, d12, d23, d34, d45, d56, d67, d78, d89, d910, obj;
  39   
  40  calLS..   LS =E= L/(P-1);
  41   
  42  d01..  sqrt(sqr(x0-x1)  + sqr(y0-y1))    =L= LS;
  43  d12..  sqrt(sqr(x1-x2)  + sqr(y1-y2))    =L= LS;
  44  d23..  sqrt(sqr(x2-x3)  + sqr(y2-y3))    =L= LS;
  45  d34..  sqrt(sqr(x3-x4)  + sqr(y3-y4))    =L= LS;
  46  d45..  sqrt(sqr(x4-x5)  + sqr(y4-y5))    =L= LS;
  47  d56..  sqrt(sqr(x5-x6)  + sqr(y5-y6))    =L= LS;
  48  d67..  sqrt(sqr(x6-x7)  + sqr(y6-y7))    =L= LS;
  49  d78..  sqrt(sqr(x7-x8)  + sqr(y7-y8))    =L= LS;
  50  d89..  sqrt(sqr(x8-x9)  + sqr(y8-y9))    =L= LS;
  51  d910.. sqrt(sqr(x9-x10) + sqr(y9-y10))   =L= LS;
  52   
  53  obj..  y0+y1+y2+y3+y4+y5+y6+y7+y8+y9+y10 =E= Z;
  54   
  55  MODEL CatenaryA /all/;
  56   
  57  SOLVE CatenaryA USING NLP MINIMIZING Z;


COMPILATION TIME     =        0.000 SECONDS      2 MB  30.3.0 rc5da09e WEX-WEI
GAMS 30.3.0  rc5da09e Released Mar  6, 2020 WEX-WEI x86 64bit/MS Windows - 05/10/20 17:33:20 Page 2
G e n e r a l   A l g e b r a i c   M o d e l i n g   S y s t e m
Equation Listing    SOLVE CatenaryA Using NLP From line 57


---- calLS  =E=  

calLS..  LS =E= 2 ; (LHS = 0, INFES = 2 ****)
     

---- d01  =L=  

d01..  - (1)*x0 + (0)*y0 + (1)*x1 + (0)*y1 - LS =L= 0 ; (LHS = 1, INFES = 1 ****)
     

---- d12  =L=  

d12..  - (1)*x1 + (0)*y1 + (1)*x2 + (0)*y2 - LS =L= 0 ; (LHS = 1, INFES = 1 ****)
     

---- d23  =L=  

d23..  - (1)*x2 + (0)*y2 + (1)*x3 + (0)*y3 - LS =L= 0 ; (LHS = 1, INFES = 1 ****)
     

---- d34  =L=  

d34..  - (1)*x3 + (0)*y3 + (1)*x4 + (0)*y4 - LS =L= 0 ; (LHS = 1, INFES = 1 ****)
     

---- d45  =L=  

d45..  - (1)*x4 + (0)*y4 + (1)*x5 + (0)*y5 - LS =L= 0 ; (LHS = 1, INFES = 1 ****)
     

---- d56  =L=  

d56..  - (1)*x5 + (0)*y5 + (1)*x6 + (0)*y6 - LS =L= 0 ; (LHS = 1, INFES = 1 ****)
     

---- d67  =L=  

d67..  - (1)*x6 + (0)*y6 + (1)*x7 + (0)*y7 - LS =L= 0 ; (LHS = 1, INFES = 1 ****)
     

---- d78  =L=  

d78..  - (1)*x7 + (0)*y7 + (1)*x8 + (0)*y8 - LS =L= 0 ; (LHS = 1, INFES = 1 ****)
     

---- d89  =L=  

d89..  - (1)*x8 + (0)*y8 + (1)*x9 + (0)*y9 - LS =L= 0 ; (LHS = 1, INFES = 1 ****)
     

---- d910  =L=  

d910..  - (1)*x9 + (0)*y9 + (1)*x10 + (0)*y10 - LS =L= 0 ; (LHS = 1, INFES = 1 ****)
     

---- obj  =E=  

obj..  y0 + y1 + y2 + y3 + y4 + y5 + y6 + y7 + y8 + y9 + y10 - Z =E= 0 ; (LHS = 110, INFES = 110 ****)
     
GAMS 30.3.0  rc5da09e Released Mar  6, 2020 WEX-WEI x86 64bit/MS Windows - 05/10/20 17:33:20 Page 3
G e n e r a l   A l g e b r a i c   M o d e l i n g   S y s t e m
Column Listing      SOLVE CatenaryA Using NLP From line 57


---- x0  

x0
                (.LO, .L, .UP, .M = 0, 0, 0, 0)
      (-1)      d01


---- y0  

y0
                (.LO, .L, .UP, .M = 10, 10, 10, 0)
       (0)      d01
        1       obj


---- x1  

x1
                (.LO, .L, .UP, .M = -INF, 1, +INF, 0)
       (1)      d01
      (-1)      d12


---- y1  

y1
                (.LO, .L, .UP, .M = -INF, 10, +INF, 0)
       (0)      d01
       (0)      d12
        1       obj


---- x2  

x2
                (.LO, .L, .UP, .M = -INF, 2, +INF, 0)
       (1)      d12
      (-1)      d23


---- y2  

y2
                (.LO, .L, .UP, .M = -INF, 10, +INF, 0)
       (0)      d12
       (0)      d23
        1       obj


---- x3  

x3
                (.LO, .L, .UP, .M = -INF, 3, +INF, 0)
       (1)      d23
      (-1)      d34


---- y3  

y3
                (.LO, .L, .UP, .M = -INF, 10, +INF, 0)
       (0)      d23
       (0)      d34
        1       obj


---- x4  

x4
                (.LO, .L, .UP, .M = -INF, 4, +INF, 0)
       (1)      d34
      (-1)      d45


---- y4  

y4
                (.LO, .L, .UP, .M = -INF, 10, +INF, 0)
       (0)      d34
       (0)      d45
        1       obj


---- x5  

x5
                (.LO, .L, .UP, .M = -INF, 5, +INF, 0)
       (1)      d45
      (-1)      d56


---- y5  

y5
                (.LO, .L, .UP, .M = -INF, 10, +INF, 0)
       (0)      d45
       (0)      d56
        1       obj


---- x6  

x6
                (.LO, .L, .UP, .M = -INF, 6, +INF, 0)
       (1)      d56
      (-1)      d67


---- y6  

y6
                (.LO, .L, .UP, .M = -INF, 10, +INF, 0)
       (0)      d56
       (0)      d67
        1       obj


---- x7  

x7
                (.LO, .L, .UP, .M = -INF, 7, +INF, 0)
       (1)      d67
      (-1)      d78


---- y7  

y7
                (.LO, .L, .UP, .M = -INF, 10, +INF, 0)
       (0)      d67
       (0)      d78
        1       obj


---- x8  

x8
                (.LO, .L, .UP, .M = -INF, 8, +INF, 0)
       (1)      d78
      (-1)      d89


---- y8  

y8
                (.LO, .L, .UP, .M = -INF, 10, +INF, 0)
       (0)      d78
       (0)      d89
        1       obj


---- x9  

x9
                (.LO, .L, .UP, .M = -INF, 9, +INF, 0)
       (1)      d89
      (-1)      d910


---- y9  

y9
                (.LO, .L, .UP, .M = -INF, 10, +INF, 0)
       (0)      d89
       (0)      d910
        1       obj


---- x10  

x10
                (.LO, .L, .UP, .M = 10, 10, 10, 0)
       (1)      d910


---- y10  

y10
                (.LO, .L, .UP, .M = 10, 10, 10, 0)
       (0)      d910
        1       obj


---- LS  

LS
                (.LO, .L, .UP, .M = -INF, 0, +INF, 0)
        1       calLS
       -1       d01
       -1       d12
       -1       d23
       -1       d34
       -1       d45
       -1       d56
       -1       d67
       -1       d78
       -1       d89
       -1       d910


---- Z  

Z
                (.LO, .L, .UP, .M = -INF, 0, +INF, 0)
       -1       obj

GAMS 30.3.0  rc5da09e Released Mar  6, 2020 WEX-WEI x86 64bit/MS Windows - 05/10/20 17:33:20 Page 4
G e n e r a l   A l g e b r a i c   M o d e l i n g   S y s t e m
Model Statistics    SOLVE CatenaryA Using NLP From line 57


MODEL STATISTICS

BLOCKS OF EQUATIONS          12     SINGLE EQUATIONS           12
BLOCKS OF VARIABLES          24     SINGLE VARIABLES           24
NON ZERO ELEMENTS            63     NON LINEAR N-Z             40
DERIVATIVE POOL              20     CONSTANT POOL              16
CODE LENGTH                 100


GENERATION TIME      =        0.016 SECONDS      3 MB  30.3.0 rc5da09e WEX-WEI


EXECUTION TIME       =        0.016 SECONDS      3 MB  30.3.0 rc5da09e WEX-WEI
GAMS 30.3.0  rc5da09e Released Mar  6, 2020 WEX-WEI x86 64bit/MS Windows - 05/10/20 17:33:20 Page 5
G e n e r a l   A l g e b r a i c   M o d e l i n g   S y s t e m
Solution Report     SOLVE CatenaryA Using NLP From line 57


               S O L V E      S U M M A R Y

     MODEL   CatenaryA           OBJECTIVE  Z
     TYPE    NLP                 DIRECTION  MINIMIZE
     SOLVER  CONOPT              FROM LINE  57

**** SOLVER STATUS     1 Normal Completion         
**** MODEL STATUS      2 Locally Optimal           
**** OBJECTIVE VALUE               64.6015

 RESOURCE USAGE, LIMIT          0.000      1000.000
 ITERATION COUNT, LIMIT        45    2000000000
 EVALUATION ERRORS              0             0
CONOPT 3         30.3.0 rc5da09e Released Mar 06, 2020 WEI x86 64bit/MS Window
*** This solver runs with a demo license. No commercial use.
 
 
    C O N O P T 3   version 3.17K
    Copyright (C)   ARKI Consulting and Development A/S
                    Bagsvaerdvej 246 A
                    DK-2880 Bagsvaerd, Denmark
 
 
    The model has 24 variables and 12 constraints
    with 63 Jacobian elements, 40 of which are nonlinear.
    The Hessian of the Lagrangian has 22 elements on the diagonal,
    51 elements below the diagonal, and 22 nonlinear variables.
 
 ** Warning **  The number of nonlinear derivatives equal to zero
                in the initial point is large (= 31 percent).
                A better initial point will probably help the
                optimization.
 
 
                   Pre-triangular equations:   1
                   Post-triangular equations:  1
 
 
 ** Optimal solution. Reduced gradient less than tolerance.
 
 
 CONOPT time Total                            0.000 seconds
   of which: Function evaluations             0.000 =  0.0%
             1st Derivative evaluations       0.000 =  0.0%
             2nd Derivative evaluations       0.000 =  0.0%
             Directional 2nd Derivative       0.000 =  0.0%
 

                           LOWER          LEVEL          UPPER         MARGINAL

---- EQU calLS              2.0000         2.0000         2.0000       -28.4362      
---- EQU d01               -INF             .              .            -4.6440      
---- EQU d12               -INF             .              .            -3.6833      
---- EQU d23               -INF             .              .            -2.7507      
---- EQU d34               -INF             .              .            -1.8885      
---- EQU d45               -INF             .              .            -1.2516      
---- EQU d56               -INF             .              .            -1.2516      
---- EQU d67               -INF             .              .            -1.8885      
---- EQU d78               -INF             .              .            -2.7507      
---- EQU d89               -INF             .              .            -3.6833      
---- EQU d910              -INF             .              .            -4.6440      
---- EQU obj                 .              .              .            -1.0000      

                           LOWER          LEVEL          UPPER         MARGINAL

---- VAR x0                  .              .              .            -1.1474      
---- VAR y0                10.0000        10.0000        10.0000         5.5000      
---- VAR x1                -INF            0.4941        +INF            EPS         
---- VAR y1                -INF            8.0620        +INF             .          
---- VAR x2                -INF            1.1172        +INF            EPS         
---- VAR y2                -INF            6.1615        +INF             .          
---- VAR x3                -INF            1.9514        +INF            EPS         
---- VAR y3                -INF            4.3438        +INF             .          
---- VAR x4                -INF            3.1665        +INF            EPS         
---- VAR y4                -INF            2.7553        +INF             .          
---- VAR x5                -INF            5.0000        +INF             .          
---- VAR y5                -INF            1.9563        +INF            EPS         
---- VAR x6                -INF            6.8335        +INF             .          
---- VAR y6                -INF            2.7553        +INF      5.401418E-10      
---- VAR x7                -INF            8.0486        +INF             .          
---- VAR y7                -INF            4.3438        +INF             .          
---- VAR x8                -INF            8.8828        +INF            EPS         
---- VAR y8                -INF            6.1615        +INF             .          
---- VAR x9                -INF            9.5059        +INF      -4.65870E-10      
---- VAR y9                -INF            8.0620        +INF             .          
---- VAR x10               10.0000        10.0000        10.0000         1.1474      
---- VAR y10               10.0000        10.0000        10.0000         5.5000      
---- VAR LS                -INF            2.0000        +INF             .          
---- VAR Z                 -INF           64.6015        +INF             .          


**** REPORT SUMMARY :        0     NONOPT
                             0 INFEASIBLE
                             0  UNBOUNDED
                             0     ERRORS


EXECUTION TIME       =        0.000 SECONDS      2 MB  30.3.0 rc5da09e WEX-WEI


USER: GAMS Demo license for ANTONIO MARIA GUADIX ESCOG200420|0002CO-GEN
      UNIVERSITY OF GRANADA, Spain                             DL007289


**** FILE SUMMARY

Input      C:\aguadix\GITHUB\SOC\3NonLinearProgramming\5Catenary\CatenaryA\CatenaryA.gms
Output     C:\aguadix\GITHUB\SOC\3NonLinearProgramming\5Catenary\CatenaryA\CatenaryA.lst
