GAMS 30.3.0  rc5da09e Released Mar  6, 2020 WEX-WEI x86 64bit/MS Windows - 04/22/20 07:12:07 Page 1
G e n e r a l   A l g e b r a i c   M o d e l i n g   S y s t e m
C o m p i l a t i o n


   1  * ShortestPathA.gms
   2  * Problema de la ruta más corta
   3   
   4   
   5  VARIABLES
   6   
   7  Z;
   8   
   9   
  10  POSITIVE VARIABLES
  11   
  12  X12, X13, X23, X24, X34, X35, X45;
  13   
  14   
  15  EQUATIONS
  16   
  17  OBJ, B1, B2, B3, B4, B5;
  18   
  19  OBJ..    Z =E= 20*X12 + 30*X13 + 20*X23 + 30*X24 + 10*X34 + 70*X35 + 50*X45 ;
  20   
  21  B1..    -X12 - X13                  =E= -1;
  22  B2..     X12 - X23 - X24            =E=  0;
  23  B3..     X13 + X23 - X34 - X35      =E=  0;
  24  B4..     X24 + X34 - X45            =E=  0;
  25  B5..     X35 + X45                  =E=  1;
  26   
  27   
  28  MODEL ShortestPathA /all/;
  29   
  30   
  31  SOLVE ShortestPathA using LP minimizing Z;


COMPILATION TIME     =        0.000 SECONDS      2 MB  30.3.0 rc5da09e WEX-WEI
GAMS 30.3.0  rc5da09e Released Mar  6, 2020 WEX-WEI x86 64bit/MS Windows - 04/22/20 07:12:07 Page 2
G e n e r a l   A l g e b r a i c   M o d e l i n g   S y s t e m
Equation Listing    SOLVE ShortestPathA Using LP From line 31


---- OBJ  =E=  

OBJ..  Z - 20*X12 - 30*X13 - 20*X23 - 30*X24 - 10*X34 - 70*X35 - 50*X45 =E= 0 ; (LHS = 0)
     

---- B1  =E=  

B1..  - X12 - X13 =E= -1 ; (LHS = 0, INFES = 1 ****)
     

---- B2  =E=  

B2..  X12 - X23 - X24 =E= 0 ; (LHS = 0)
     

---- B3  =E=  

B3..  X13 + X23 - X34 - X35 =E= 0 ; (LHS = 0)
     

---- B4  =E=  

B4..  X24 + X34 - X45 =E= 0 ; (LHS = 0)
     

---- B5  =E=  

B5..  X35 + X45 =E= 1 ; (LHS = 0, INFES = 1 ****)
     
GAMS 30.3.0  rc5da09e Released Mar  6, 2020 WEX-WEI x86 64bit/MS Windows - 04/22/20 07:12:07 Page 3
G e n e r a l   A l g e b r a i c   M o d e l i n g   S y s t e m
Column Listing      SOLVE ShortestPathA Using LP From line 31


---- Z  

Z
                (.LO, .L, .UP, .M = -INF, 0, +INF, 0)
        1       OBJ


---- X12  

X12
                (.LO, .L, .UP, .M = 0, 0, +INF, 0)
      -20       OBJ
       -1       B1
        1       B2


---- X13  

X13
                (.LO, .L, .UP, .M = 0, 0, +INF, 0)
      -30       OBJ
       -1       B1
        1       B3


---- X23  

X23
                (.LO, .L, .UP, .M = 0, 0, +INF, 0)
      -20       OBJ
       -1       B2
        1       B3


---- X24  

X24
                (.LO, .L, .UP, .M = 0, 0, +INF, 0)
      -30       OBJ
       -1       B2
        1       B4


---- X34  

X34
                (.LO, .L, .UP, .M = 0, 0, +INF, 0)
      -10       OBJ
       -1       B3
        1       B4


---- X35  

X35
                (.LO, .L, .UP, .M = 0, 0, +INF, 0)
      -70       OBJ
       -1       B3
        1       B5


---- X45  

X45
                (.LO, .L, .UP, .M = 0, 0, +INF, 0)
      -50       OBJ
       -1       B4
        1       B5

GAMS 30.3.0  rc5da09e Released Mar  6, 2020 WEX-WEI x86 64bit/MS Windows - 04/22/20 07:12:07 Page 4
G e n e r a l   A l g e b r a i c   M o d e l i n g   S y s t e m
Model Statistics    SOLVE ShortestPathA Using LP From line 31


MODEL STATISTICS

BLOCKS OF EQUATIONS           6     SINGLE EQUATIONS            6
BLOCKS OF VARIABLES           8     SINGLE VARIABLES            8
NON ZERO ELEMENTS            22


GENERATION TIME      =        0.031 SECONDS      3 MB  30.3.0 rc5da09e WEX-WEI


EXECUTION TIME       =        0.031 SECONDS      3 MB  30.3.0 rc5da09e WEX-WEI
GAMS 30.3.0  rc5da09e Released Mar  6, 2020 WEX-WEI x86 64bit/MS Windows - 04/22/20 07:12:07 Page 5
G e n e r a l   A l g e b r a i c   M o d e l i n g   S y s t e m
Solution Report     SOLVE ShortestPathA Using LP From line 31


               S O L V E      S U M M A R Y

     MODEL   ShortestPathA       OBJECTIVE  Z
     TYPE    LP                  DIRECTION  MINIMIZE
     SOLVER  CPLEX               FROM LINE  31

**** SOLVER STATUS     1 Normal Completion         
**** MODEL STATUS      1 Optimal                   
**** OBJECTIVE VALUE               90.0000

 RESOURCE USAGE, LIMIT          0.016      1000.000
 ITERATION COUNT, LIMIT         2    2000000000

IBM ILOG CPLEX   30.3.0 rc5da09e Released Mar 06, 2020 WEI x86 64bit/MS Window
*** This solver runs with a demo license. No commercial use.
Cplex 12.10.0.0

Space for names approximately 0.00 Mb
Use option 'names no' to turn use of names off
LP status(1): optimal
Cplex Time: 0.00sec (det. 0.01 ticks)
Optimal solution found.
Objective :          90.000000


                           LOWER          LEVEL          UPPER         MARGINAL

---- EQU OBJ                 .              .              .             1.0000      
---- EQU B1                -1.0000        -1.0000        -1.0000       -40.0000      
---- EQU B2                  .              .              .           -20.0000      
---- EQU B3                  .              .              .           -10.0000      
---- EQU B4                  .              .              .              .          
---- EQU B5                 1.0000         1.0000         1.0000        50.0000      

                           LOWER          LEVEL          UPPER         MARGINAL

---- VAR Z                 -INF           90.0000        +INF             .          
---- VAR X12                 .              .            +INF             .          
---- VAR X13                 .             1.0000        +INF             .          
---- VAR X23                 .              .            +INF           10.0000      
---- VAR X24                 .              .            +INF           10.0000      
---- VAR X34                 .             1.0000        +INF             .          
---- VAR X35                 .              .            +INF           10.0000      
---- VAR X45                 .             1.0000        +INF             .          


**** REPORT SUMMARY :        0     NONOPT
                             0 INFEASIBLE
                             0  UNBOUNDED


EXECUTION TIME       =        0.000 SECONDS      2 MB  30.3.0 rc5da09e WEX-WEI


USER: GAMS Demo license for ANTONIO MARIA GUADIX ESCOG200420|0002CO-GEN
      UNIVERSITY OF GRANADA, Spain                             DL007289


**** FILE SUMMARY

Input      C:\aguadix\GITHUB\SOC\1 Linear programming (LP)\5 ShortestPath\ShortestPathA\ShortestPathA.gms
Output     C:\aguadix\GITHUB\SOC\1 Linear programming (LP)\5 ShortestPath\ShortestPathA\ShortestPathA.lst
