GAMS 30.3.0  rc5da09e Released Mar  6, 2020 WEX-WEI x86 64bit/MS Windows - 04/26/20 21:24:03 Page 1
G e n e r a l   A l g e b r a i c   M o d e l i n g   S y s t e m
C o m p i l a t i o n


   1  * AssignmentA.gms
   2   
   3   
   4  FREE VARIABLES
   5   
   6  Z   '$/year';
   7   
   8   
   9  POSITIVE VARIABLES
  10   
  11  x11, x12, x13, x14,
  12  x21, x22, x23, x24,
  13  x31, x32, x33, x34,
  14  x41, x42, x43, x44  'if plant is assigned to line = 1, else = 0';
  15   
  16   
  17  EQUATIONS
  18   
  19  OBJ                     '$/year',
  20  RO1, RO2, RO3, RO4      '-',
  21  RD1, RD2, RD3, RD4      '-';
  22   
  23  OBJ..   1*x11 + 4*x12 +  6*x13 + 3*x14 +
  24          9*x21 + 7*x22 + 10*x23 + 9*x24 +
  25          4*x31 + 5*x32 + 11*x33 + 7*x34 +
  26          8*x41 + 7*x42 +  8*x43 + 5*x44 =E= Z;
  27   
  28  RO1..     x11 +   x12 +    x13 +   x14 =E= 1;
  29  RO2..     x21 +   x22 +    x23 +   x24 =E= 1;
  30  RO3..     x31 +   x32 +    x33 +   x34 =E= 1;
  31  RO4..     x41 +   x42 +    x43 +   x44 =E= 1;
  32   
  33  RD1..     x11 +   x21 +    x31 +   x41 =E= 1;
  34  RD2..     x12 +   x22 +    x32 +   x42 =E= 1;
  35  RD3..     x13 +   x23 +    x33 +   x43 =E= 1;
  36  RD4..     x14 +   x24 +    x34 +   x44 =E= 1;
  37   
  38   
  39  MODEL AssignmentA /all/;
  40   
  41   
  42  SOLVE AssignmentA using LP minimizing Z;


COMPILATION TIME     =        0.000 SECONDS      2 MB  30.3.0 rc5da09e WEX-WEI
GAMS 30.3.0  rc5da09e Released Mar  6, 2020 WEX-WEI x86 64bit/MS Windows - 04/26/20 21:24:03 Page 2
G e n e r a l   A l g e b r a i c   M o d e l i n g   S y s t e m
Equation Listing    SOLVE AssignmentA Using LP From line 42


---- OBJ  =E=  $/year

OBJ..  - Z + x11 + 4*x12 + 6*x13 + 3*x14 + 9*x21 + 7*x22 + 10*x23 + 9*x24 + 4*x31 + 5*x32 + 11*x33 + 7*x34 + 8*x41 + 7*x42 + 8*x43 + 5*x44 =E= 0 ; (LHS = 0)
     

---- RO1  =E=  

RO1..  x11 + x12 + x13 + x14 =E= 1 ; (LHS = 0, INFES = 1 ****)
     

---- RO2  =E=  

RO2..  x21 + x22 + x23 + x24 =E= 1 ; (LHS = 0, INFES = 1 ****)
     

---- RO3  =E=  

RO3..  x31 + x32 + x33 + x34 =E= 1 ; (LHS = 0, INFES = 1 ****)
     

---- RO4  =E=  -

RO4..  x41 + x42 + x43 + x44 =E= 1 ; (LHS = 0, INFES = 1 ****)
     

---- RD1  =E=  

RD1..  x11 + x21 + x31 + x41 =E= 1 ; (LHS = 0, INFES = 1 ****)
     

---- RD2  =E=  

RD2..  x12 + x22 + x32 + x42 =E= 1 ; (LHS = 0, INFES = 1 ****)
     

---- RD3  =E=  

RD3..  x13 + x23 + x33 + x43 =E= 1 ; (LHS = 0, INFES = 1 ****)
     

---- RD4  =E=  -

RD4..  x14 + x24 + x34 + x44 =E= 1 ; (LHS = 0, INFES = 1 ****)
     
GAMS 30.3.0  rc5da09e Released Mar  6, 2020 WEX-WEI x86 64bit/MS Windows - 04/26/20 21:24:03 Page 3
G e n e r a l   A l g e b r a i c   M o d e l i n g   S y s t e m
Column Listing      SOLVE AssignmentA Using LP From line 42


---- Z  $/year

Z
                (.LO, .L, .UP, .M = -INF, 0, +INF, 0)
       -1       OBJ


---- x11  

x11
                (.LO, .L, .UP, .M = 0, 0, +INF, 0)
        1       OBJ
        1       RO1
        1       RD1


---- x12  

x12
                (.LO, .L, .UP, .M = 0, 0, +INF, 0)
        4       OBJ
        1       RO1
        1       RD2


---- x13  

x13
                (.LO, .L, .UP, .M = 0, 0, +INF, 0)
        6       OBJ
        1       RO1
        1       RD3


---- x14  

x14
                (.LO, .L, .UP, .M = 0, 0, +INF, 0)
        3       OBJ
        1       RO1
        1       RD4


---- x21  

x21
                (.LO, .L, .UP, .M = 0, 0, +INF, 0)
        9       OBJ
        1       RO2
        1       RD1


---- x22  

x22
                (.LO, .L, .UP, .M = 0, 0, +INF, 0)
        7       OBJ
        1       RO2
        1       RD2


---- x23  

x23
                (.LO, .L, .UP, .M = 0, 0, +INF, 0)
       10       OBJ
        1       RO2
        1       RD3


---- x24  

x24
                (.LO, .L, .UP, .M = 0, 0, +INF, 0)
        9       OBJ
        1       RO2
        1       RD4


---- x31  

x31
                (.LO, .L, .UP, .M = 0, 0, +INF, 0)
        4       OBJ
        1       RO3
        1       RD1


---- x32  

x32
                (.LO, .L, .UP, .M = 0, 0, +INF, 0)
        5       OBJ
        1       RO3
        1       RD2


---- x33  

x33
                (.LO, .L, .UP, .M = 0, 0, +INF, 0)
       11       OBJ
        1       RO3
        1       RD3


---- x34  

x34
                (.LO, .L, .UP, .M = 0, 0, +INF, 0)
        7       OBJ
        1       RO3
        1       RD4


---- x41  

x41
                (.LO, .L, .UP, .M = 0, 0, +INF, 0)
        8       OBJ
        1       RO4
        1       RD1


---- x42  

x42
                (.LO, .L, .UP, .M = 0, 0, +INF, 0)
        7       OBJ
        1       RO4
        1       RD2


---- x43  

x43
                (.LO, .L, .UP, .M = 0, 0, +INF, 0)
        8       OBJ
        1       RO4
        1       RD3


---- x44  if plant is assigned to line = 1, else = 0

x44
                (.LO, .L, .UP, .M = 0, 0, +INF, 0)
        5       OBJ
        1       RO4
        1       RD4

GAMS 30.3.0  rc5da09e Released Mar  6, 2020 WEX-WEI x86 64bit/MS Windows - 04/26/20 21:24:03 Page 4
G e n e r a l   A l g e b r a i c   M o d e l i n g   S y s t e m
Model Statistics    SOLVE AssignmentA Using LP From line 42


MODEL STATISTICS

BLOCKS OF EQUATIONS           9     SINGLE EQUATIONS            9
BLOCKS OF VARIABLES          17     SINGLE VARIABLES           17
NON ZERO ELEMENTS            49


GENERATION TIME      =        0.062 SECONDS      3 MB  30.3.0 rc5da09e WEX-WEI


EXECUTION TIME       =        0.062 SECONDS      3 MB  30.3.0 rc5da09e WEX-WEI
GAMS 30.3.0  rc5da09e Released Mar  6, 2020 WEX-WEI x86 64bit/MS Windows - 04/26/20 21:24:03 Page 5
G e n e r a l   A l g e b r a i c   M o d e l i n g   S y s t e m
Solution Report     SOLVE AssignmentA Using LP From line 42


               S O L V E      S U M M A R Y

     MODEL   AssignmentA         OBJECTIVE  Z
     TYPE    LP                  DIRECTION  MINIMIZE
     SOLVER  CPLEX               FROM LINE  42

**** SOLVER STATUS     1 Normal Completion         
**** MODEL STATUS      1 Optimal                   
**** OBJECTIVE VALUE               21.0000

 RESOURCE USAGE, LIMIT          0.000      1000.000
 ITERATION COUNT, LIMIT         2    2000000000

IBM ILOG CPLEX   30.3.0 rc5da09e Released Mar 06, 2020 WEI x86 64bit/MS Window
*** This solver runs with a demo license. No commercial use.
Cplex 12.10.0.0

Space for names approximately 0.00 Mb
Use option 'names no' to turn use of names off
LP status(1): optimal
Cplex Time: 0.00sec (det. 0.03 ticks)
Optimal solution found.
Objective :          21.000000


                           LOWER          LEVEL          UPPER         MARGINAL

---- EQU OBJ                 .              .              .            -1.0000      
---- EQU RO1                1.0000         1.0000         1.0000         2.0000      
---- EQU RO2                1.0000         1.0000         1.0000         7.0000      
---- EQU RO3                1.0000         1.0000         1.0000         5.0000      
---- EQU RO4                1.0000         1.0000         1.0000         5.0000      
---- EQU RD1                1.0000         1.0000         1.0000        -1.0000      
---- EQU RD2                1.0000         1.0000         1.0000          .          
---- EQU RD3                1.0000         1.0000         1.0000         3.0000      
---- EQU RD4                1.0000         1.0000         1.0000          .          

  OBJ  $/year
  RO4  -
  RD4  -

                           LOWER          LEVEL          UPPER         MARGINAL

---- VAR Z                 -INF           21.0000        +INF             .          
---- VAR x11                 .             1.0000        +INF             .          
---- VAR x12                 .              .            +INF            2.0000      
---- VAR x13                 .              .            +INF            1.0000      
---- VAR x14                 .              .            +INF            1.0000      
---- VAR x21                 .              .            +INF            3.0000      
---- VAR x22                 .              .            +INF             .          
---- VAR x23                 .             1.0000        +INF             .          
---- VAR x24                 .              .            +INF            2.0000      
---- VAR x31                 .              .            +INF             .          
---- VAR x32                 .             1.0000        +INF             .          
---- VAR x33                 .              .            +INF            3.0000      
---- VAR x34                 .              .            +INF            2.0000      
---- VAR x41                 .              .            +INF            4.0000      
---- VAR x42                 .              .            +INF            2.0000      
---- VAR x43                 .              .            +INF            EPS         
---- VAR x44                 .             1.0000        +INF             .          

  Z  $/year
  x44  if plant is assigned to line = 1, else = 0


**** REPORT SUMMARY :        0     NONOPT
                             0 INFEASIBLE
                             0  UNBOUNDED


EXECUTION TIME       =        0.000 SECONDS      2 MB  30.3.0 rc5da09e WEX-WEI


USER: GAMS Demo license for ANTONIO MARIA GUADIX ESCOG200420|0002CO-GEN
      UNIVERSITY OF GRANADA, Spain                             DL007289


**** FILE SUMMARY

Input      C:\aguadix\GITHUB\SOC\1LinearProgramming\3Assignment\AssignmentA\AssignmentA.gms
Output     C:\aguadix\GITHUB\SOC\1LinearProgramming\3Assignment\AssignmentA\AssignmentA.lst
